Archive member included to satisfy reference by file (symbol)

app/libapp.a(main.c.obj)      (--whole-archive)
app/libapp.a(gpio.c.obj)      (--whole-archive)
zephyr/libzephyr.a(heap.c.obj)
                              (--whole-archive)
zephyr/libzephyr.a(cbprintf_packaged.c.obj)
                              (--whole-archive)
zephyr/libzephyr.a(printk.c.obj)
                              (--whole-archive)
zephyr/libzephyr.a(sem.c.obj)
                              (--whole-archive)
zephyr/libzephyr.a(thread_entry.c.obj)
                              (--whole-archive)
zephyr/libzephyr.a(cbprintf_complete.c.obj)
                              (--whole-archive)
zephyr/libzephyr.a(assert.c.obj)
                              (--whole-archive)
zephyr/libzephyr.a(dec.c.obj)
                              (--whole-archive)
zephyr/libzephyr.a(hex.c.obj)
                              (--whole-archive)
zephyr/libzephyr.a(rb.c.obj)  (--whole-archive)
zephyr/libzephyr.a(timeutil.c.obj)
                              (--whole-archive)
zephyr/libzephyr.a(bitarray.c.obj)
                              (--whole-archive)
zephyr/libzephyr.a(configs.c.obj)
                              (--whole-archive)
zephyr/libzephyr.a(soc.c.obj)
                              (--whole-archive)
zephyr/libzephyr.a(esp32-mp.c.obj)
                              (--whole-archive)
zephyr/libzephyr.a(loader.c.obj)
                              (--whole-archive)
zephyr/libzephyr.a(tracing_none.c.obj)
                              (--whole-archive)
zephyr/libzephyr.a(windowspill_asm.S.obj)
                              (--whole-archive)
zephyr/libzephyr.a(flash_ops.c.obj)
                              (--whole-archive)
zephyr/libzephyr.a(esp_flash_api.c.obj)
                              (--whole-archive)
zephyr/libzephyr.a(flash_encrypt.c.obj)
                              (--whole-archive)
zephyr/libzephyr.a(esp_gpio_reserve.c.obj)
                              (--whole-archive)
zephyr/libzephyr.a(cache_esp32.c.obj)
                              (--whole-archive)
zephyr/libzephyr.a(mmu_hal.c.obj)
                              (--whole-archive)
zephyr/libzephyr.a(spi_flash_encrypt_hal_iram.c.obj)
                              (--whole-archive)
zephyr/libzephyr.a(spi_flash_hal.c.obj)
                              (--whole-archive)
zephyr/libzephyr.a(spi_flash_hal_iram.c.obj)
                              (--whole-archive)
zephyr/libzephyr.a(esp_flash_spi_init.c.obj)
                              (--whole-archive)
zephyr/libzephyr.a(flash_mmap.c.obj)
                              (--whole-archive)
zephyr/libzephyr.a(memspi_host_driver.c.obj)
                              (--whole-archive)
zephyr/libzephyr.a(spi_flash_chip_boya.c.obj)
                              (--whole-archive)
zephyr/libzephyr.a(spi_flash_chip_drivers.c.obj)
                              (--whole-archive)
zephyr/libzephyr.a(spi_flash_chip_gd.c.obj)
                              (--whole-archive)
zephyr/libzephyr.a(spi_flash_chip_generic.c.obj)
                              (--whole-archive)
zephyr/libzephyr.a(spi_flash_chip_issi.c.obj)
                              (--whole-archive)
zephyr/libzephyr.a(spi_flash_chip_mxic.c.obj)
                              (--whole-archive)
zephyr/libzephyr.a(spi_flash_chip_mxic_opi.c.obj)
                              (--whole-archive)
zephyr/libzephyr.a(spi_flash_chip_th.c.obj)
                              (--whole-archive)
zephyr/libzephyr.a(spi_flash_chip_winbond.c.obj)
                              (--whole-archive)
zephyr/libzephyr.a(spi_flash_os_func_noos.c.obj)
                              (--whole-archive)
zephyr/libzephyr.a(uart_hal.c.obj)
                              (--whole-archive)
zephyr/libzephyr.a(uart_hal_iram.c.obj)
                              (--whole-archive)
zephyr/libzephyr.a(bootloader_mem.c.obj)
                              (--whole-archive)
zephyr/libzephyr.a(bootloader_clock_init.c.obj)
                              (--whole-archive)
zephyr/libzephyr.a(bootloader_console.c.obj)
                              (--whole-archive)
zephyr/libzephyr.a(bootloader_random.c.obj)
                              (--whole-archive)
zephyr/libzephyr.a(esp_rom_sys.c.obj)
                              (--whole-archive)
zephyr/libzephyr.a(mpu_hal.c.obj)
                              (--whole-archive)
zephyr/libzephyr.a(bootloader_esp32.c.obj)
                              (--whole-archive)
zephyr/libzephyr.a(bootloader_init.c.obj)
                              (--whole-archive)
zephyr/libzephyr.a(bootloader_common.c.obj)
                              (--whole-archive)
zephyr/libzephyr.a(bootloader_common_loader.c.obj)
                              (--whole-archive)
zephyr/libzephyr.a(adc_periph.c.obj)
                              (--whole-archive)
zephyr/libzephyr.a(i2s_periph.c.obj)
                              (--whole-archive)
zephyr/libzephyr.a(gpio_periph.c.obj)
                              (--whole-archive)
[...]
Memory Configuration

Name             Origin             Length             Attributes
FLASH            0x0000000000000000 0x00000000003fff00 r
iram0_0_seg      0x0000000040080000 0x000000000003ac00 xr
dram0_0_seg      0x000000003ffb0000 0x0000000000030000 rw
dram0_shm0_seg   0x000000003ffe5230 0x0000000000000800 rw
dram0_sem0_seg   0x000000003ffe5a30 0x0000000000000008 rw
dram0_1_seg      0x000000003ffe5a38 0x0000000000000000 rw
irom0_0_seg      0x00000000400d0000 0x00000000003ff000 xr
drom0_0_seg      0x000000003f400000 0x00000000003ff000 r
rtc_iram_seg     0x00000000400c0000 0x0000000000002000 xrw
rtc_slow_seg     0x0000000050000000 0x0000000000001000 rw
IDT_LIST         0x000000003ebfe010 0x0000000000002000 rw
*default*        0x0000000000000000 0xffffffffffffffff

Linker script and memory map

                0x0000000040084cc8                vfprintf = __l_vfprintf
                0x0000000000000000                vfscanf = __l_vfscanf
LOAD zephyr/CMakeFiles/zephyr_pre0.dir/misc/empty_file.c.obj
LOAD zephyr/CMakeFiles/offsets.dir/./arch/xtensa/core/offsets/offsets.c.obj
LOAD app/libapp.a
LOAD zephyr/libzephyr.a
LOAD zephyr/arch/common/libarch__common.a
LOAD zephyr/arch/arch/xtensa/core/libarch__xtensa__core.a
LOAD zephyr/lib/libc/picolibc/liblib__libc__picolibc.a
LOAD zephyr/lib/libc/common/liblib__libc__common.a
LOAD zephyr/drivers/interrupt_controller/libdrivers__interrupt_controller.a
LOAD zephyr/drivers/clock_control/libdrivers__clock_control.a
LOAD zephyr/drivers/console/libdrivers__console.a
LOAD zephyr/drivers/gpio/libdrivers__gpio.a
LOAD zephyr/drivers/pinctrl/libdrivers__pinctrl.a
LOAD zephyr/drivers/serial/libdrivers__serial.a
LOAD zephyr/drivers/timer/libdrivers__timer.a
LOAD zephyr/kernel/libkernel.a
LOAD /home/marcus/zephyr-sdk-0.16.8/xtensa-espressif_esp32_zephyr-elf/bin/../lib/gcc/xtensa-espressif_esp32_zephyr-elf/12.2.0/libgcc.a
LOAD zephyr/arch/common/libisr_tables.a
LOAD /home/marcus/zephyr-sdk-0.16.8/xtensa-espressif_esp32_zephyr-elf/bin/../lib/gcc/xtensa-espressif_esp32_zephyr-elf/12.2.0/libgcc.a
LOAD /home/marcus/zephyr-sdk-0.16.8/xtensa-espressif_esp32_zephyr-elf/bin/../lib/gcc/../../picolibc/xtensa-espressif_esp32_zephyr-elf/lib/libc.a
LOAD /home/marcus/zephyr-sdk-0.16.8/xtensa-espressif_esp32_zephyr-elf/bin/../lib/gcc/xtensa-espressif_esp32_zephyr-elf/12.2.0/libgcc.a
                0x00000000400bac00                user_iram_end = 0x400bac00
                0x0000000040080000                user_iram_seg_org = 0x40080000
                0x000000000003ac00                user_iram_seg_len = (user_iram_end - user_iram_seg_org)
                0x000000003ffb0000                user_dram_seg_org = 0x3ffb0000
                0x0000000000030000                user_dram_seg_len = 0x30000
                0x000000003ffe5400                user_dram_2_seg_org = 0x3ffe5400
                0x000000000001ac00                user_dram_2_seg_len = 0x1ac00
                0x0000000000000000                _rom_store_table = 0x0
                [!provide]                        PROVIDE (_memmap_vecbase_reset = 0x40000450)
                [!provide]                        PROVIDE (_memmap_reset_vector = 0x40000400)
                0x000000003ffe4350                _heap_sentry = 0x3ffe4350

.rel.plt        0x0000000000000000        0x0
 *(SORT_BY_ALIGNMENT(.rel.plt))
                [!provide]                        PROVIDE (__rel_iplt_start = .)
 *(SORT_BY_ALIGNMENT(.rel.iplt))
                [!provide]                        PROVIDE (__rel_iplt_end = .)

.rela.plt       0x0000000000000000        0x0
 *(SORT_BY_ALIGNMENT(.rela.plt))
                [!provide]                        PROVIDE (__rela_iplt_start = .)
 *(SORT_BY_ALIGNMENT(.rela.iplt))
                [!provide]                        PROVIDE (__rela_iplt_end = .)

.rel.dyn
 *(SORT_BY_ALIGNMENT(.rel.*))

.rela.dyn
 *(SORT_BY_ALIGNMENT(.rela.*))

.rtc.text       0x00000000400c0000        0x0 load address 0x0000000000000000
                0x00000000400c0000                . = ALIGN (0x4)
 *(SORT_BY_ALIGNMENT(.rtc.literal) SORT_BY_ALIGNMENT(.rtc.text))
 *rtc_wake_stub*.o(SORT_BY_ALIGNMENT(.literal) SORT_BY_ALIGNMENT(.text) SORT_BY_ALIGNMENT(.literal.*) SORT_BY_ALIGNMENT(.text.*))

.rtc.data       0x0000000050000000        0x0 load address 0x0000000000000000
                0x0000000050000000                _rtc_data_start = ABSOLUTE (.)
 *(SORT_BY_ALIGNMENT(.rtc.data))
 *(SORT_BY_ALIGNMENT(.rtc.rodata))
 *rtc_wake_stub*.o(SORT_BY_ALIGNMENT(.data) SORT_BY_ALIGNMENT(.rodata) SORT_BY_ALIGNMENT(.data.*) SORT_BY_ALIGNMENT(.rodata.*) SORT_BY_ALIGNMENT(.bss) SORT_BY_ALIGNMENT(.bss.*))
                0x0000000050000000                _rtc_data_end = ABSOLUTE (.)

.rtc.bss        0x0000000050000000        0x0 load address 0x0000000000000000
                0x0000000050000000                _rtc_bss_start = ABSOLUTE (.)
 *rtc_wake_stub*.o(SORT_BY_ALIGNMENT(.bss) SORT_BY_ALIGNMENT(.bss.*))
 *rtc_wake_stub*.o(SORT_BY_ALIGNMENT(COMMON))
                0x0000000050000000                _rtc_bss_end = ABSOLUTE (.)

.rtc.force_slow
                0x0000000050000000        0x0 load address 0x0000000000000000
                0x0000000050000000                . = ALIGN (0x4)
                0x0000000050000000                _rtc_force_slow_start = ABSOLUTE (.)
 *(SORT_BY_ALIGNMENT(.rtc.force_slow) SORT_BY_ALIGNMENT(.rtc.force_slow.*))
                0x0000000050000000                . = ALIGN (0x4)
                0x0000000050000000                _rtc_force_slow_end = ABSOLUTE (.)
                0x0000000000000000                _rtc_slow_length = (_rtc_force_slow_end - _rtc_data_start)

.iram0.vectors  0x0000000040080000      0x400 load address 0x0000000000000000
                0x0000000040080000                _iram_start = ABSOLUTE (.)
                0x0000000040080000                _init_start = ABSOLUTE (.)
                0x0000000000000000                . = 0x0
 *(SORT_BY_ALIGNMENT(.WindowVectors.text))
 .WindowVectors.text
                0x0000000040080000      0x16a zephyr/arch/arch/xtensa/core/libarch__xtensa__core.a(window_vectors.S.obj)
                0x0000000040080000                _WindowOverflow4
                0x0000000040080040                _WindowUnderflow4
                0x0000000040080050                _xt_alloca_exc
                0x0000000040080080                _WindowOverflow8
                0x00000000400800c0                _WindowUnderflow8
                0x0000000040080100                _WindowOverflow12
                0x0000000040080140                _WindowUnderflow12
                0x0000000000000180                . = 0x180
 *fill*         0x000000004008016a       0x16 
 *(SORT_BY_ALIGNMENT(.Level2InterruptVector.text))
 .Level2InterruptVector.text
                0x0000000040080180       0x29 zephyr/arch/arch/xtensa/core/libarch__xtensa__core.a(xtensa_asm2_util.S.obj)
                0x0000000040080180                _Level2Vector
                0x00000000000001c0                . = 0x1c0
 *fill*         0x00000000400801a9       0x17 
 *(SORT_BY_ALIGNMENT(.Level3InterruptVector.text))
 .Level3InterruptVector.text
                0x00000000400801c0       0x25 zephyr/arch/arch/xtensa/core/libarch__xtensa__core.a(xtensa_asm2_util.S.obj)
                                         0x29 (size before relaxing)
                0x00000000400801c0                _Level3Vector
                0x0000000000000200                . = 0x200
 *fill*         0x00000000400801e5       0x1b 
 *(SORT_BY_ALIGNMENT(.Level4InterruptVector.text))
 .Level4InterruptVector.text
                0x0000000040080200       0x25 zephyr/arch/arch/xtensa/core/libarch__xtensa__core.a(xtensa_asm2_util.S.obj)
                                         0x29 (size before relaxing)
                0x0000000040080200                _Level4Vector
                0x0000000000000240                . = 0x240
 *fill*         0x0000000040080225       0x1b 
 *(SORT_BY_ALIGNMENT(.Level5InterruptVector.text))
 .Level5InterruptVector.text
                0x0000000040080240       0x25 zephyr/arch/arch/xtensa/core/libarch__xtensa__core.a(xtensa_asm2_util.S.obj)
                                         0x29 (size before relaxing)
                0x0000000040080240                _Level5Vector
                0x0000000000000280                . = 0x280
 *fill*         0x0000000040080265       0x1b 
 *(SORT_BY_ALIGNMENT(.DebugExceptionVector.text))
 .DebugExceptionVector.text
                0x0000000040080280       0x25 zephyr/arch/arch/xtensa/core/libarch__xtensa__core.a(xtensa_asm2_util.S.obj)
                                         0x29 (size before relaxing)
                0x0000000040080280                _Level6Vector
                0x00000000000002c0                . = 0x2c0
 *fill*         0x00000000400802a5       0x1b 
 *(SORT_BY_ALIGNMENT(.NMIExceptionVector.text))
 .NMIExceptionVector.text
                0x00000000400802c0       0x25 zephyr/arch/arch/xtensa/core/libarch__xtensa__core.a(xtensa_asm2_util.S.obj)
                                         0x29 (size before relaxing)
                0x00000000400802c0                _Level7Vector
                0x0000000000000300                . = 0x300
 *fill*         0x00000000400802e5       0x1b 
 *(SORT_BY_ALIGNMENT(.KernelExceptionVector.text))
 .KernelExceptionVector.text
                0x0000000040080300        0x3 zephyr/arch/arch/xtensa/core/libarch__xtensa__core.a(xtensa_asm2_util.S.obj)
                0x0000000040080300                _KernelExceptionVector
                0x0000000000000340                . = 0x340
 *fill*         0x0000000040080303       0x3d 
 *(SORT_BY_ALIGNMENT(.UserExceptionVector.text))
 .UserExceptionVector.text
                0x0000000040080340       0x16 zephyr/arch/arch/xtensa/core/libarch__xtensa__core.a(xtensa_asm2_util.S.obj)
                0x0000000040080340                _Level1RealVector
                0x00000000000003c0                . = 0x3c0
 *fill*         0x0000000040080356       0x6a 
 *(SORT_BY_ALIGNMENT(.DoubleExceptionVector.text))
 .DoubleExceptionVector.text
                0x00000000400803c0        0x3 zephyr/arch/arch/xtensa/core/libarch__xtensa__core.a(xtensa_asm2_util.S.obj)
                0x00000000400803c0                _DoubleExceptionVector
                0x0000000000000400                . = 0x400
 *fill*         0x00000000400803c3       0x3d 
 *(SORT_BY_ALIGNMENT(.*Vector.literal))
 *(SORT_BY_ALIGNMENT(.UserEnter.literal))
 *(SORT_BY_ALIGNMENT(.UserEnter.text))
                0x0000000040080400                . = ALIGN (0x10)
 *(SORT_BY_ALIGNMENT(.entry.text))
 *(SORT_BY_ALIGNMENT(.init.literal))
 *(.init)
                0x0000000040080400                _init_end = ABSOLUTE (.)

.iram0.text     0x0000000040080400     0x6ffc load address 0x0000000000000400
                0x0000000040080400                _iram_text_start = ABSOLUTE (.)
 *(SORT_BY_ALIGNMENT(.iram1) SORT_BY_ALIGNMENT(.iram1.*))
 .iram1.6.literal
                0x0000000040080400       0x14 zephyr/libzephyr.a(soc.c.obj)
                                         0x44 (size before relaxing)
 .iram1.7.literal
                0x0000000040080414        0x4 zephyr/libzephyr.a(soc.c.obj)
                                          0x8 (size before relaxing)
 .iram1.8.literal
                0x0000000040080418        0x4 zephyr/libzephyr.a(flash_ops.c.obj)
 .iram1.10.literal
                0x000000004008041c        0x4 zephyr/libzephyr.a(flash_ops.c.obj)
                                          0xc (size before relaxing)
 .iram1.5.literal
                0x0000000040080420        0x8 zephyr/libzephyr.a(esp_flash_api.c.obj)
 .iram1.6.literal
                0x0000000040080428        0x4 zephyr/libzephyr.a(esp_flash_api.c.obj)
 .iram1.10.literal
                0x000000004008042c        0x0 zephyr/libzephyr.a(esp_flash_api.c.obj)
                                          0x8 (size before relaxing)
 .iram1.12.literal
                0x000000004008042c       0x10 zephyr/libzephyr.a(esp_flash_api.c.obj)
                                         0x18 (size before relaxing)
 .iram1.13.literal
                0x000000004008043c        0x4 zephyr/libzephyr.a(esp_flash_api.c.obj)
                                          0x8 (size before relaxing)
 .iram1.9.literal
                0x0000000040080440       0x18 zephyr/libzephyr.a(esp_flash_api.c.obj)
                                         0x50 (size before relaxing)
 .iram1.21.literal
                0x0000000040080458        0xc zephyr/libzephyr.a(esp_flash_api.c.obj)
                                         0x14 (size before relaxing)
 .iram1.3.literal
                0x0000000040080464        0x4 zephyr/libzephyr.a(cache_esp32.c.obj)
 .iram1.1.literal
                0x0000000040080468        0x4 zephyr/libzephyr.a(flash_mmap.c.obj)
                                         0x10 (size before relaxing)
 .iram1.8.literal
                0x000000004008046c        0x4 zephyr/libzephyr.a(spi_flash_os_func_noos.c.obj)
 .iram1.7.literal
                0x0000000040080470        0x4 zephyr/libzephyr.a(spi_flash_os_func_noos.c.obj)
                                          0x8 (size before relaxing)
 .iram1.6.literal
                0x0000000040080474        0x4 zephyr/libzephyr.a(spi_flash_os_func_noos.c.obj)
                                          0x8 (size before relaxing)
 .iram1.1.literal
                0x0000000040080478        0x4 zephyr/libzephyr.a(esp_rom_sys.c.obj)
 .iram1.7.literal
                0x000000004008047c       0x28 zephyr/libzephyr.a(bootloader_flash.c.obj)
                                         0x2c (size before relaxing)
 .iram1.8.literal
                0x00000000400804a4        0x0 zephyr/libzephyr.a(bootloader_flash.c.obj)
                                          0x4 (size before relaxing)
 .iram1.6.literal
                0x00000000400804a4        0x0 zephyr/libzephyr.a(bootloader_flash.c.obj)
                                         0x3c (size before relaxing)
 .iram1.9.literal
                0x00000000400804a4        0x0 zephyr/libzephyr.a(bootloader_flash.c.obj)
                                          0x8 (size before relaxing)
 .iram1.10.literal
                0x00000000400804a4        0x0 zephyr/libzephyr.a(bootloader_flash.c.obj)
                                          0x4 (size before relaxing)
 .iram1.13.literal
                0x00000000400804a4        0xc zephyr/libzephyr.a(bootloader_flash.c.obj)
                                         0x40 (size before relaxing)
 .iram1.6.literal
                0x00000000400804b0       0x10 zephyr/libzephyr.a(bootloader_flash_config_esp32.c.obj)
 .iram1.8.literal
                0x00000000400804c0       0x30 zephyr/libzephyr.a(bootloader_flash_config_esp32.c.obj)
                                         0x54 (size before relaxing)
 .iram1.9.literal
                0x00000000400804f0        0x8 zephyr/libzephyr.a(bootloader_flash_config_esp32.c.obj)
                                         0x10 (size before relaxing)
 .iram1.0.literal
                0x00000000400804f8        0x4 zephyr/libzephyr.a(bootloader_efuse.c.obj)
 .iram1.2.literal
                0x00000000400804fc        0x8 zephyr/libzephyr.a(esp_clk.c.obj)
                                          0xc (size before relaxing)
 .iram1.6.literal
                0x0000000040080504        0xc zephyr/libzephyr.a(rtc_module.c.obj)
                                         0x10 (size before relaxing)
 .iram1.7.literal
                0x0000000040080510        0x0 zephyr/libzephyr.a(rtc_module.c.obj)
                                          0xc (size before relaxing)
 .iram1.1.literal
                0x0000000040080510        0x4 zephyr/libzephyr.a(esp_mmu_map.c.obj)
 .iram1.2.literal
                0x0000000040080514        0xc zephyr/libzephyr.a(esp_rom_uart.c.obj)
 .iram1.3.literal
                0x0000000040080520        0x4 zephyr/libzephyr.a(esp_rom_uart.c.obj)
                                         0x10 (size before relaxing)
 .iram1.0.literal
                0x0000000040080524        0x0 zephyr/libzephyr.a(efuse_hal.c.obj)
                                          0x8 (size before relaxing)
 .iram1.0.literal
                0x0000000040080524        0x8 zephyr/libzephyr.a(efuse_hal.c.obj)
                                          0xc (size before relaxing)
 .iram1.1.literal
                0x000000004008052c        0x0 zephyr/libzephyr.a(efuse_hal.c.obj)
                                          0x4 (size before relaxing)
 .iram1.4.literal
                0x000000004008052c       0x14 zephyr/libzephyr.a(cache_utils.c.obj)
                                         0x20 (size before relaxing)
 .iram1.5.literal
                0x0000000040080540        0x0 zephyr/libzephyr.a(cache_utils.c.obj)
                                         0x1c (size before relaxing)
 .iram1.literal
                0x0000000040080540        0x0 zephyr/arch/arch/xtensa/core/libarch__xtensa__core.a(debug_helpers_asm.S.obj)
                                          0x4 (size before relaxing)
 .iram1.1.literal
                0x0000000040080540        0x0 zephyr/drivers/interrupt_controller/libdrivers__interrupt_controller.a(intc_esp32.c.obj)
                                          0x8 (size before relaxing)
 .iram1.0.literal
                0x0000000040080540        0x4 zephyr/drivers/interrupt_controller/libdrivers__interrupt_controller.a(intc_esp32.c.obj)
                                          0x8 (size before relaxing)
 .iram1.4.literal
                0x0000000040080544        0x4 zephyr/drivers/interrupt_controller/libdrivers__interrupt_controller.a(intc_esp32.c.obj)
                                         0x18 (size before relaxing)
 .iram1.5.literal
                0x0000000040080548        0xc zephyr/drivers/interrupt_controller/libdrivers__interrupt_controller.a(intc_esp32.c.obj)
                                         0x20 (size before relaxing)
 .iram1.6.literal
                0x0000000040080554        0x0 zephyr/drivers/interrupt_controller/libdrivers__interrupt_controller.a(intc_esp32.c.obj)
                                         0x18 (size before relaxing)
 .iram1.1.literal
                0x0000000040080554        0x8 zephyr/drivers/gpio/libdrivers__gpio.a(gpio_esp32.c.obj)
                                         0x10 (size before relaxing)
 .literal.arch_cpu_idle
                0x000000004008055c        0x0 zephyr/arch/arch/xtensa/core/libarch__xtensa__core.a(cpu_idle.c.obj)
                                          0x4 (size before relaxing)
 .literal.xtensa_fatal_error
                0x000000004008055c        0x0 zephyr/arch/arch/xtensa/core/libarch__xtensa__core.a(fatal.c.obj)
                                          0xc (size before relaxing)
 .literal       0x000000004008055c        0x4 zephyr/arch/arch/xtensa/core/libarch__xtensa__core.a(xtensa_asm2_util.S.obj)
                                          0x8 (size before relaxing)
 .literal.z_irq_spurious
                0x0000000040080560        0x0 zephyr/arch/arch/xtensa/core/libarch__xtensa__core.a(irq_manage.c.obj)
                                          0x4 (size before relaxing)
 .literal.arch_new_thread
                0x0000000040080560        0xc zephyr/arch/arch/xtensa/core/libarch__xtensa__core.a(thread.c.obj)
 .literal.return_to
                0x000000004008056c        0x0 zephyr/arch/arch/xtensa/core/libarch__xtensa__core.a(vector_handlers.c.obj)
                                          0x8 (size before relaxing)
 .literal.xtensa_is_outside_stack_bounds
                0x000000004008056c        0x4 zephyr/arch/arch/xtensa/core/libarch__xtensa__core.a(vector_handlers.c.obj)
                                          0x8 (size before relaxing)
 .literal.xtensa_is_frame_pointer_valid
                0x0000000040080570        0x0 zephyr/arch/arch/xtensa/core/libarch__xtensa__core.a(vector_handlers.c.obj)
                                          0x8 (size before relaxing)
 .literal.xtensa_dump_stack
                0x0000000040080570        0x0 zephyr/arch/arch/xtensa/core/libarch__xtensa__core.a(vector_handlers.c.obj)
                                          0x4 (size before relaxing)
 .literal.xtensa_int2_c
                0x0000000040080570        0x4 zephyr/arch/arch/xtensa/core/libarch__xtensa__core.a(vector_handlers.c.obj)
                                          0x8 (size before relaxing)
 .literal.xtensa_int3_c
                0x0000000040080574        0x4 zephyr/arch/arch/xtensa/core/libarch__xtensa__core.a(vector_handlers.c.obj)
                                          0xc (size before relaxing)
 .literal.xtensa_int4_c
                0x0000000040080578        0x0 zephyr/arch/arch/xtensa/core/libarch__xtensa__core.a(vector_handlers.c.obj)
                                          0x8 (size before relaxing)
 .literal.xtensa_int5_c
                0x0000000040080578        0x0 zephyr/arch/arch/xtensa/core/libarch__xtensa__core.a(vector_handlers.c.obj)
                                          0x8 (size before relaxing)
 .literal.xtensa_int6_c
                0x0000000040080578        0x0 zephyr/arch/arch/xtensa/core/libarch__xtensa__core.a(vector_handlers.c.obj)
                                          0x4 (size before relaxing)
 .literal.xtensa_int7_c
                0x0000000040080578        0x0 zephyr/arch/arch/xtensa/core/libarch__xtensa__core.a(vector_handlers.c.obj)
                                          0x8 (size before relaxing)
 .literal.xtensa_excint1_c
                0x0000000040080578        0x8 zephyr/arch/arch/xtensa/core/libarch__xtensa__core.a(vector_handlers.c.obj)
                                         0x28 (size before relaxing)
 .literal.z_prep_c
                0x0000000040080580        0x0 zephyr/arch/arch/xtensa/core/libarch__xtensa__core.a(prep_c.c.obj)
                                          0x8 (size before relaxing)
 .literal.xtensa_cpu_process_stack_pc
                0x0000000040080580        0xc zephyr/arch/arch/xtensa/core/libarch__xtensa__core.a(xtensa_backtrace.c.obj)
 .literal.xtensa_ptr_executable
                0x000000004008058c       0x1c zephyr/arch/arch/xtensa/core/libarch__xtensa__core.a(xtensa_backtrace.c.obj)
 .literal.xtensa_stack_ptr_is_sane
                0x00000000400805a8        0x8 zephyr/arch/arch/xtensa/core/libarch__xtensa__core.a(xtensa_backtrace.c.obj)
                                          0xc (size before relaxing)
 .literal.xtensa_backtrace_get_next_frame
                0x00000000400805b0        0x0 zephyr/arch/arch/xtensa/core/libarch__xtensa__core.a(xtensa_backtrace.c.obj)
                                         0x10 (size before relaxing)
 .literal.xtensa_backtrace_print
                0x00000000400805b0       0x14 zephyr/arch/arch/xtensa/core/libarch__xtensa__core.a(xtensa_backtrace.c.obj)
                                         0x54 (size before relaxing)
 .literal.k_sys_fatal_error_handler
                0x00000000400805c4        0x0 zephyr/kernel/libkernel.a(fatal.c.obj)
                                          0x4 (size before relaxing)
 .literal.z_fatal_error
                0x00000000400805c4        0x0 zephyr/kernel/libkernel.a(fatal.c.obj)
                                          0xc (size before relaxing)
 .literal.z_sys_init_run_level
                0x00000000400805c4        0x4 zephyr/kernel/libkernel.a(init.c.obj)
                                          0x8 (size before relaxing)
 .literal.bg_thread_main
                0x00000000400805c8       0x10 zephyr/kernel/libkernel.a(init.c.obj)
                                         0x3c (size before relaxing)
 .literal.z_early_memset
                0x00000000400805d8        0x0 zephyr/kernel/libkernel.a(init.c.obj)
                                          0x4 (size before relaxing)
 .literal.z_bss_zero
                0x00000000400805d8        0x8 zephyr/kernel/libkernel.a(init.c.obj)
                                          0xc (size before relaxing)
 .literal.z_init_cpu
                0x00000000400805e0        0xc zephyr/kernel/libkernel.a(init.c.obj)
                                         0x18 (size before relaxing)
 .literal.z_cstart
                0x00000000400805ec       0x10 zephyr/kernel/libkernel.a(init.c.obj)
                                         0x48 (size before relaxing)
 .literal.k_heap_init
                0x00000000400805fc        0x0 zephyr/kernel/libkernel.a(kheap.c.obj)
                                          0x4 (size before relaxing)
 .literal.statics_init
                0x00000000400805fc        0x8 zephyr/kernel/libkernel.a(kheap.c.obj)
                                          0xc (size before relaxing)
 .literal.k_heap_aligned_alloc
                0x0000000040080604        0x0 zephyr/kernel/libkernel.a(kheap.c.obj)
                                         0x10 (size before relaxing)
 .literal.k_heap_free
                0x0000000040080604        0x0 zephyr/kernel/libkernel.a(kheap.c.obj)
                                          0xc (size before relaxing)
 .literal.idle  0x0000000040080604        0x0 zephyr/kernel/libkernel.a(idle.c.obj)
                                          0x4 (size before relaxing)
 .literal.z_impl_k_thread_start
                0x0000000040080604        0x0 zephyr/kernel/libkernel.a(thread.c.obj)
                                          0x4 (size before relaxing)
 .literal.z_setup_new_thread
                0x0000000040080604        0x0 zephyr/kernel/libkernel.a(thread.c.obj)
                                          0x8 (size before relaxing)
 .literal.unpend_thread_no_timeout
                0x0000000040080604        0x0 zephyr/kernel/libkernel.a(sched.c.obj)
                                          0x4 (size before relaxing)
 .literal.update_cache
                0x0000000040080604        0x4 zephyr/kernel/libkernel.a(sched.c.obj)
                                          0xc (size before relaxing)
 .literal.unready_thread
                0x0000000040080608        0x0 zephyr/kernel/libkernel.a(sched.c.obj)
                                          0xc (size before relaxing)
 .literal.z_swap
                0x0000000040080608        0x4 zephyr/kernel/libkernel.a(sched.c.obj)
                                         0x10 (size before relaxing)
 .literal.ready_thread
                0x000000004008060c        0x0 zephyr/kernel/libkernel.a(sched.c.obj)
                                          0xc (size before relaxing)
 .literal.z_thread_halt
                0x000000004008060c        0x0 zephyr/kernel/libkernel.a(sched.c.obj)
                                         0x34 (size before relaxing)
 .literal.add_to_waitq_locked
                0x000000004008060c        0x0 zephyr/kernel/libkernel.a(sched.c.obj)
                                          0x4 (size before relaxing)
 .literal.move_thread_to_end_of_prio_q
                0x000000004008060c        0x0 zephyr/kernel/libkernel.a(sched.c.obj)
                                         0x10 (size before relaxing)
 .literal.z_ready_thread
                0x000000004008060c        0x0 zephyr/kernel/libkernel.a(sched.c.obj)
                                          0x4 (size before relaxing)
 .literal.z_impl_k_thread_suspend
                0x000000004008060c        0x0 zephyr/kernel/libkernel.a(sched.c.obj)
                                          0x8 (size before relaxing)
 .literal.z_unpend_thread_no_timeout
                0x000000004008060c        0x0 zephyr/kernel/libkernel.a(sched.c.obj)
                                          0x4 (size before relaxing)
 .literal.z_sched_wake_thread
                0x000000004008060c        0x0 zephyr/kernel/libkernel.a(sched.c.obj)
                                          0x8 (size before relaxing)
 .literal.z_thread_timeout
                0x000000004008060c        0x0 zephyr/kernel/libkernel.a(sched.c.obj)
                                          0x4 (size before relaxing)
 .literal.z_pend_curr
                0x000000004008060c        0x0 zephyr/kernel/libkernel.a(sched.c.obj)
                                         0x18 (size before relaxing)
 .literal.z_unpend_thread
                0x000000004008060c        0x0 zephyr/kernel/libkernel.a(sched.c.obj)
                                          0x8 (size before relaxing)
 .literal.z_reschedule
                0x000000004008060c        0x0 zephyr/kernel/libkernel.a(sched.c.obj)
                                          0x8 (size before relaxing)
 .literal.z_sched_start
                0x000000004008060c        0x0 zephyr/kernel/libkernel.a(sched.c.obj)
                                          0xc (size before relaxing)
 .literal.z_reschedule_irqlock
                0x000000004008060c        0x0 zephyr/kernel/libkernel.a(sched.c.obj)
                                          0xc (size before relaxing)
 .literal.k_sched_lock
                0x000000004008060c        0x0 zephyr/kernel/libkernel.a(sched.c.obj)
                                          0x4 (size before relaxing)
 .literal.k_sched_unlock
                0x000000004008060c        0x0 zephyr/kernel/libkernel.a(sched.c.obj)
                                          0xc (size before relaxing)
 .literal.z_swap_next_thread
                0x000000004008060c        0x0 zephyr/kernel/libkernel.a(sched.c.obj)
                                          0x4 (size before relaxing)
 .literal.z_get_next_switch_handle
                0x000000004008060c        0x0 zephyr/kernel/libkernel.a(sched.c.obj)
                                          0x4 (size before relaxing)
 .literal.z_unpend_all
                0x000000004008060c        0x0 zephyr/kernel/libkernel.a(sched.c.obj)
                                          0x8 (size before relaxing)
 .literal.z_sched_init
                0x000000004008060c        0x0 zephyr/kernel/libkernel.a(sched.c.obj)
                                          0x8 (size before relaxing)
 .literal.z_impl_k_yield
                0x000000004008060c        0x0 zephyr/kernel/libkernel.a(sched.c.obj)
                                         0x18 (size before relaxing)
 .literal.z_tick_sleep
                0x000000004008060c        0x0 zephyr/kernel/libkernel.a(sched.c.obj)
                                         0x24 (size before relaxing)
 .literal.z_impl_k_sleep
                0x000000004008060c        0x4 zephyr/kernel/libkernel.a(sched.c.obj)
                                         0x10 (size before relaxing)
 .literal.z_impl_k_sched_current_thread_query
                0x0000000040080610        0x0 zephyr/kernel/libkernel.a(sched.c.obj)
                                          0x4 (size before relaxing)
 .literal.z_thread_abort
                0x0000000040080610        0x0 zephyr/kernel/libkernel.a(sched.c.obj)
                                          0x8 (size before relaxing)
 .literal.z_impl_k_thread_abort
                0x0000000040080610        0x0 zephyr/kernel/libkernel.a(sched.c.obj)
                                          0x4 (size before relaxing)
 .literal.slice_timeout
                0x0000000040080610        0xc zephyr/kernel/libkernel.a(timeslicing.c.obj)
 .literal.thread_is_sliceable
                0x000000004008061c        0x8 zephyr/kernel/libkernel.a(timeslicing.c.obj)
                                          0xc (size before relaxing)
 .literal.z_reset_time_slice
                0x0000000040080624        0x4 zephyr/kernel/libkernel.a(timeslicing.c.obj)
                                         0x20 (size before relaxing)
 .literal.z_time_slice
                0x0000000040080628        0x0 zephyr/kernel/libkernel.a(timeslicing.c.obj)
                                         0x14 (size before relaxing)
 .literal.elapsed
                0x0000000040080628        0x4 zephyr/kernel/libkernel.a(timeout.c.obj)
                                          0x8 (size before relaxing)
 .literal.remove_timeout
                0x000000004008062c        0x4 zephyr/kernel/libkernel.a(timeout.c.obj)
 .literal.next_timeout
                0x0000000040080630        0x4 zephyr/kernel/libkernel.a(timeout.c.obj)
                                         0x10 (size before relaxing)
 .literal.z_add_timeout
                0x0000000040080634        0x4 zephyr/kernel/libkernel.a(timeout.c.obj)
                                         0x18 (size before relaxing)
 .literal.z_abort_timeout
                0x0000000040080638        0x0 zephyr/kernel/libkernel.a(timeout.c.obj)
                                          0x4 (size before relaxing)
 .literal.sys_clock_announce
                0x0000000040080638        0x0 zephyr/kernel/libkernel.a(timeout.c.obj)
                                         0x1c (size before relaxing)
 .literal.sys_clock_tick_get
                0x0000000040080638        0x0 zephyr/kernel/libkernel.a(timeout.c.obj)
                                          0x8 (size before relaxing)
 .literal.sys_clock_tick_get_32
                0x0000000040080638        0x0 zephyr/kernel/libkernel.a(timeout.c.obj)
                                          0x4 (size before relaxing)
 .literal.sys_timepoint_calc
                0x0000000040080638        0x0 zephyr/kernel/libkernel.a(timeout.c.obj)
                                          0x4 (size before relaxing)
 .literal.sys_timepoint_timeout
                0x0000000040080638        0x0 zephyr/kernel/libkernel.a(timeout.c.obj)
                                          0x4 (size before relaxing)
 .literal.z_heap_aligned_alloc
                0x0000000040080638        0x0 zephyr/kernel/libkernel.a(mempool.c.obj)
                                          0x4 (size before relaxing)
 .literal.k_free
                0x0000000040080638        0x0 zephyr/kernel/libkernel.a(mempool.c.obj)
                                          0x4 (size before relaxing)
 .literal.k_aligned_alloc
                0x0000000040080638        0x4 zephyr/kernel/libkernel.a(mempool.c.obj)
                                          0x8 (size before relaxing)
 .literal.k_malloc
                0x000000004008063c        0x0 zephyr/kernel/libkernel.a(mempool.c.obj)
                                          0x4 (size before relaxing)
 .literal.k_thread_system_pool_assign
                0x000000004008063c        0x0 zephyr/kernel/libkernel.a(mempool.c.obj)
                                          0x4 (size before relaxing)
 .literal.boot_banner
                0x000000004008063c        0x4 zephyr/kernel/libkernel.a(banner.c.obj)
                                          0x8 (size before relaxing)
 .literal       0x0000000040080640        0x4 zephyr/libzephyr.a(windowspill_asm.S.obj)
 .literal.char_out
                0x0000000040080644        0x4 zephyr/libzephyr.a(printk.c.obj)
 .literal.vprintk
                0x0000000040080648        0x4 zephyr/libzephyr.a(printk.c.obj)
                                          0xc (size before relaxing)
 .literal.printk
                0x000000004008064c        0x0 zephyr/libzephyr.a(printk.c.obj)
                                          0x4 (size before relaxing)
 .literal.esp_log_early_timestamp
                0x000000004008064c        0x4 zephyr/libzephyr.a(log_noos.c.obj)
 .literal.map_rom_segments
                0x0000000040080650       0x78 zephyr/libzephyr.a(loader.c.obj)
                                         0xec (size before relaxing)
 .literal.__start
                0x00000000400806c8       0x14 zephyr/libzephyr.a(loader.c.obj)
                                         0x40 (size before relaxing)
 .literal.rtc_init
                0x00000000400806dc       0x90 zephyr/libzephyr.a(rtc_init.c.obj)
                                         0xa4 (size before relaxing)
 .literal.rtc_vddsdio_get_config
                0x000000004008076c        0x8 zephyr/libzephyr.a(rtc_init.c.obj)
                                          0xc (size before relaxing)
 .literal.rtc_vddsdio_set_config
                0x0000000040080774        0x0 zephyr/libzephyr.a(rtc_init.c.obj)
                                          0x4 (size before relaxing)
 .literal.rtc_clk_32k_enable_common
                0x0000000040080774        0xc zephyr/libzephyr.a(rtc_clk.c.obj)
 .literal.rtc_clk_cpu_freq_to_pll_mhz
                0x0000000040080780       0x18 zephyr/libzephyr.a(rtc_clk.c.obj)
                                         0x30 (size before relaxing)
 .literal.rtc_clk_bbpll_disable
                0x0000000040080798        0x4 zephyr/libzephyr.a(rtc_clk.c.obj)
                                          0xc (size before relaxing)
 .literal.rtc_clk_32k_enable
                0x000000004008079c        0x4 zephyr/libzephyr.a(rtc_clk.c.obj)
                                         0x10 (size before relaxing)
 .literal.rtc_clk_32k_enable_external
                0x00000000400807a0        0x0 zephyr/libzephyr.a(rtc_clk.c.obj)
                                          0x4 (size before relaxing)
 .literal.rtc_clk_8m_enable
                0x00000000400807a0        0x0 zephyr/libzephyr.a(rtc_clk.c.obj)
                                         0x10 (size before relaxing)
 .literal.rtc_clk_8m_enabled
                0x00000000400807a0        0x0 zephyr/libzephyr.a(rtc_clk.c.obj)
                                          0x4 (size before relaxing)
 .literal.rtc_clk_8md256_enabled
                0x00000000400807a0        0x0 zephyr/libzephyr.a(rtc_clk.c.obj)
                                          0x4 (size before relaxing)
 .literal.rtc_clk_slow_src_set
                0x00000000400807a0        0x0 zephyr/libzephyr.a(rtc_clk.c.obj)
                                         0x10 (size before relaxing)
 .literal.rtc_clk_slow_src_get
                0x00000000400807a0        0x0 zephyr/libzephyr.a(rtc_clk.c.obj)
                                          0x4 (size before relaxing)
 .literal.rtc_clk_fast_src_set
                0x00000000400807a0        0x0 zephyr/libzephyr.a(rtc_clk.c.obj)
                                         0x10 (size before relaxing)
 .literal.rtc_clk_fast_src_get
                0x00000000400807a0        0x0 zephyr/libzephyr.a(rtc_clk.c.obj)
                                          0x4 (size before relaxing)
 .literal.rtc_clk_xtal_freq_get
                0x00000000400807a0        0x8 zephyr/libzephyr.a(rtc_clk.c.obj)
 .literal.rtc_clk_cpu_freq_mhz_to_config
                0x00000000400807a8        0x0 zephyr/libzephyr.a(rtc_clk.c.obj)
                                          0x4 (size before relaxing)
 .literal.rtc_clk_cpu_freq_get_config
                0x00000000400807a8        0xc zephyr/libzephyr.a(rtc_clk.c.obj)
                                         0x24 (size before relaxing)
 .literal.rtc_clk_xtal_freq_update
                0x00000000400807b4        0x4 zephyr/libzephyr.a(rtc_clk.c.obj)
                                          0x8 (size before relaxing)
 .literal.rtc_clk_apb_freq_update
                0x00000000400807b8        0x0 zephyr/libzephyr.a(rtc_clk.c.obj)
                                          0x4 (size before relaxing)
 .literal.rtc_clk_cpu_freq_to_xtal
                0x00000000400807b8        0x4 zephyr/libzephyr.a(rtc_clk.c.obj)
                                         0x24 (size before relaxing)
 .literal.rtc_clk_cpu_freq_set_config
                0x00000000400807bc       0x28 zephyr/libzephyr.a(rtc_clk.c.obj)
                                         0xb8 (size before relaxing)
 .literal.rtc_clk_apb_freq_get
                0x00000000400807e4        0xc zephyr/libzephyr.a(rtc_clk.c.obj)
                                         0x14 (size before relaxing)
 .literal.rtc_clk_xtal_freq_estimate
                0x00000000400807f0       0x18 zephyr/libzephyr.a(rtc_clk_init.c.obj)
                                         0x48 (size before relaxing)
 .literal.rtc_clk_init
                0x0000000040080808       0x1c zephyr/libzephyr.a(rtc_clk_init.c.obj)
                                         0x98 (size before relaxing)
 .literal.rtc_clk_cal_internal
                0x0000000040080824       0x28 zephyr/libzephyr.a(rtc_time.c.obj)
                                         0x5c (size before relaxing)
 .literal.rtc_clk_cal_ratio
                0x000000004008084c        0x0 zephyr/libzephyr.a(rtc_time.c.obj)
                                          0x8 (size before relaxing)
 .literal.rtc_clk_cal
                0x000000004008084c        0x0 zephyr/libzephyr.a(rtc_time.c.obj)
                                         0x14 (size before relaxing)
 .literal.rtc_clk_wait_for_slow_cycle
                0x000000004008084c        0xc zephyr/libzephyr.a(rtc_time.c.obj)
                                         0x30 (size before relaxing)
 .literal.rtc_clk_freq_cal
                0x0000000040080858        0x0 zephyr/libzephyr.a(rtc_time.c.obj)
                                          0x4 (size before relaxing)
 .literal.ccompare_isr
                0x0000000040080858        0x8 zephyr/drivers/timer/libdrivers__timer.a(xtensa_sys_timer.c.obj)
                                          0xc (size before relaxing)
 .literal.sys_clock_set_timeout
                0x0000000040080860        0xc zephyr/drivers/timer/libdrivers__timer.a(xtensa_sys_timer.c.obj)
                                         0x14 (size before relaxing)
 .literal.sys_clock_elapsed
                0x000000004008086c        0x0 zephyr/drivers/timer/libdrivers__timer.a(xtensa_sys_timer.c.obj)
                                          0x8 (size before relaxing)
 .literal.console_out
                0x000000004008086c        0x4 zephyr/drivers/console/libdrivers__console.a(uart_console.c.obj)
 .literal.z_impl_zephyr_fputc
                0x0000000040080870        0x4 zephyr/lib/libc/picolibc/liblib__libc__picolibc.a(libc-hooks.c.obj)
 .literal.picolibc_put
                0x0000000040080874        0x0 zephyr/lib/libc/picolibc/liblib__libc__picolibc.a(libc-hooks.c.obj)
                                          0x4 (size before relaxing)
 .literal.__stdout_hook_install
                0x0000000040080874        0x4 zephyr/lib/libc/picolibc/liblib__libc__picolibc.a(libc-hooks.c.obj)
                                          0x8 (size before relaxing)
 .literal.__l_vfprintf
                0x0000000040080878       0x14 /home/marcus/zephyr-sdk-0.16.8/xtensa-espressif_esp32_zephyr-elf/bin/../lib/gcc/../../picolibc/xtensa-espressif_esp32_zephyr-elf/lib/libc.a(libc_tinystdio_vflprintf.c.o)
                                         0x18 (size before relaxing)
 .literal.mmu_hal_unmap_all
                0x000000004008088c        0x4 zephyr/libzephyr.a(mmu_hal.c.obj)
 .literal.wdt_hal_write_protect_disable
                0x0000000040080890        0x4 zephyr/libzephyr.a(wdt_hal_iram.c.obj)
 .literal.wdt_hal_disable
                0x0000000040080894        0x0 zephyr/libzephyr.a(wdt_hal_iram.c.obj)
                                          0x4 (size before relaxing)
 .literal.wdt_hal_set_flashboot_en
                0x0000000040080894        0x0 zephyr/libzephyr.a(wdt_hal_iram.c.obj)
                                          0x4 (size before relaxing)
 .literal.spi_flash_ll_set_buffer_data
                0x0000000040080894        0x0 zephyr/libzephyr.a(spi_flash_hal_iram.c.obj)
                                          0x4 (size before relaxing)
 .literal.spi_flash_ll_get_buffer_data
                0x0000000040080894        0x0 zephyr/libzephyr.a(spi_flash_hal_iram.c.obj)
                                          0x8 (size before relaxing)
 .literal.spi_flash_hal_configure_host_io_mode
                0x0000000040080894        0x8 zephyr/libzephyr.a(spi_flash_hal_iram.c.obj)
                                         0x28 (size before relaxing)
 .literal.spi_flash_hal_common_command
                0x000000004008089c        0x0 zephyr/libzephyr.a(spi_flash_hal_iram.c.obj)
                                         0x18 (size before relaxing)
 .literal.spi_flash_hal_read
                0x000000004008089c        0x0 zephyr/libzephyr.a(spi_flash_hal_iram.c.obj)
                                          0xc (size before relaxing)
 .literal.spi_flash_hal_erase_sector
                0x000000004008089c        0x0 zephyr/libzephyr.a(spi_flash_hal_iram.c.obj)
                                          0x8 (size before relaxing)
 .literal.spi_flash_hal_erase_block
                0x000000004008089c        0x0 zephyr/libzephyr.a(spi_flash_hal_iram.c.obj)
                                          0x8 (size before relaxing)
 .literal.spi_flash_hal_program_page
                0x000000004008089c        0x0 zephyr/libzephyr.a(spi_flash_hal_iram.c.obj)
                                         0x10 (size before relaxing)
 .literal.spi_flash_hal_check_status
                0x000000004008089c        0x4 zephyr/libzephyr.a(spi_flash_hal_iram.c.obj)
                                          0x8 (size before relaxing)
 .literal.spi_flash_hal_resume
                0x00000000400808a0        0x0 zephyr/libzephyr.a(spi_flash_hal_iram.c.obj)
                                          0x4 (size before relaxing)
 .literal.spi_flash_hal_suspend
                0x00000000400808a0        0x0 zephyr/libzephyr.a(spi_flash_hal_iram.c.obj)
                                          0x4 (size before relaxing)
 .literal.spi_flash_encryption_hal_enable
                0x00000000400808a0        0x4 zephyr/libzephyr.a(spi_flash_encrypt_hal_iram.c.obj)
 .literal.spi_flash_encryption_hal_disable
                0x00000000400808a4        0x0 zephyr/libzephyr.a(spi_flash_encrypt_hal_iram.c.obj)
                                          0x4 (size before relaxing)
 .literal.spi_flash_encryption_hal_prepare
                0x00000000400808a4        0xc zephyr/libzephyr.a(spi_flash_encrypt_hal_iram.c.obj)
 .literal.spi_flash_encryption_hal_done
                0x00000000400808b0        0x4 zephyr/libzephyr.a(spi_flash_encrypt_hal_iram.c.obj)
 .literal.spi_flash_chip_gd_detect_size
                0x00000000400808b4        0x4 zephyr/libzephyr.a(spi_flash_chip_gd.c.obj)
                                          0x8 (size before relaxing)
 .literal.spi_flash_chip_gd_get_io_mode
                0x00000000400808b8        0x0 zephyr/libzephyr.a(spi_flash_chip_gd.c.obj)
                                          0x4 (size before relaxing)
 .literal.spi_flash_chip_gd_set_io_mode
                0x00000000400808b8       0x10 zephyr/libzephyr.a(spi_flash_chip_gd.c.obj)
                                         0x14 (size before relaxing)
 .literal.spi_flash_chip_generic_detect_size
                0x00000000400808c8        0x0 zephyr/libzephyr.a(spi_flash_chip_generic.c.obj)
                                          0x8 (size before relaxing)
 .literal.spi_flash_chip_generic_reset
                0x00000000400808c8        0x0 zephyr/libzephyr.a(spi_flash_chip_generic.c.obj)
                                          0x8 (size before relaxing)
 .literal.spi_flash_chip_generic_config_host_io_mode
                0x00000000400808c8        0xc zephyr/libzephyr.a(spi_flash_chip_generic.c.obj)
                                         0x10 (size before relaxing)
 .literal.spi_flash_chip_generic_read
                0x00000000400808d4        0x8 zephyr/libzephyr.a(spi_flash_chip_generic.c.obj)
                                         0x18 (size before relaxing)
 .literal.spi_flash_chip_generic_write
                0x00000000400808dc        0x0 zephyr/libzephyr.a(spi_flash_chip_generic.c.obj)
                                          0x8 (size before relaxing)
 .literal.spi_flash_chip_generic_get_write_protect
                0x00000000400808dc        0x0 zephyr/libzephyr.a(spi_flash_chip_generic.c.obj)
                                          0x4 (size before relaxing)
 .literal.spi_flash_chip_generic_yield
                0x00000000400808dc        0x0 zephyr/libzephyr.a(spi_flash_chip_generic.c.obj)
                                          0x4 (size before relaxing)
 .literal.spi_flash_chip_generic_read_unique_id
                0x00000000400808dc        0x8 zephyr/libzephyr.a(spi_flash_chip_generic.c.obj)
                                         0x18 (size before relaxing)
 .literal.spi_flash_chip_generic_write_encrypted
                0x00000000400808e4        0x4 zephyr/libzephyr.a(spi_flash_chip_generic.c.obj)
                                          0x8 (size before relaxing)
 .literal.spi_flash_chip_generic_suspend_cmd_conf
                0x00000000400808e8        0x8 zephyr/libzephyr.a(spi_flash_chip_generic.c.obj)
                                         0x14 (size before relaxing)
 .literal.spi_flash_common_read_qe_sr$constprop$0$isra$0
                0x00000000400808f0        0x0 zephyr/libzephyr.a(spi_flash_chip_generic.c.obj)
                                          0x4 (size before relaxing)
 .literal.spi_flash_common_read_status_16b_rdsr_rdsr2
                0x00000000400808f0        0x0 zephyr/libzephyr.a(spi_flash_chip_generic.c.obj)
                                          0x8 (size before relaxing)
 .literal.spi_flash_common_write_qe_sr$isra$0
                0x00000000400808f0        0x0 zephyr/libzephyr.a(spi_flash_chip_generic.c.obj)
                                          0x4 (size before relaxing)
 .literal.spi_flash_common_write_status_16b_wrsr
                0x00000000400808f0        0x0 zephyr/libzephyr.a(spi_flash_chip_generic.c.obj)
                                          0x4 (size before relaxing)
 .literal.spi_flash_common_read_status_8b_rdsr2
                0x00000000400808f0        0x0 zephyr/libzephyr.a(spi_flash_chip_generic.c.obj)
                                          0x4 (size before relaxing)
 .literal.spi_flash_chip_generic_get_io_mode
                0x00000000400808f0        0x0 zephyr/libzephyr.a(spi_flash_chip_generic.c.obj)
                                          0x4 (size before relaxing)
 .literal.spi_flash_common_read_status_8b_rdsr
                0x00000000400808f0        0x0 zephyr/libzephyr.a(spi_flash_chip_generic.c.obj)
                                          0x4 (size before relaxing)
 .literal.spi_flash_common_write_status_8b_wrsr
                0x00000000400808f0        0x0 zephyr/libzephyr.a(spi_flash_chip_generic.c.obj)
                                          0x4 (size before relaxing)
 .literal.spi_flash_common_write_status_8b_wrsr2
                0x00000000400808f0        0x0 zephyr/libzephyr.a(spi_flash_chip_generic.c.obj)
                                          0x4 (size before relaxing)
 .literal.spi_flash_chip_generic_set_io_mode
                0x00000000400808f0        0x0 zephyr/libzephyr.a(spi_flash_chip_generic.c.obj)
                                          0xc (size before relaxing)
 .literal.spi_flash_chip_issi_set_io_mode
                0x00000000400808f0        0x8 zephyr/libzephyr.a(spi_flash_chip_issi.c.obj)
                                          0xc (size before relaxing)
 .literal.spi_flash_chip_issi_get_io_mode
                0x00000000400808f8        0x0 zephyr/libzephyr.a(spi_flash_chip_issi.c.obj)
                                          0x4 (size before relaxing)
 .literal.spi_flash_chip_winbond_read
                0x00000000400808f8        0x8 zephyr/libzephyr.a(spi_flash_chip_winbond.c.obj)
                                         0x18 (size before relaxing)
 .literal.spi_flash_chip_winbond_erase_block
                0x0000000040080900        0x0 zephyr/libzephyr.a(spi_flash_chip_winbond.c.obj)
                                          0x8 (size before relaxing)
 .literal.spi_flash_chip_winbond_erase_sector
                0x0000000040080900        0x0 zephyr/libzephyr.a(spi_flash_chip_winbond.c.obj)
                                          0x8 (size before relaxing)
 .literal.spi_flash_chip_winbond_page_program
                0x0000000040080900        0x0 zephyr/libzephyr.a(spi_flash_chip_winbond.c.obj)
                                          0x8 (size before relaxing)
 .literal.memspi_host_read_status_hs
                0x0000000040080900        0x0 zephyr/libzephyr.a(memspi_host_driver.c.obj)
                                          0x4 (size before relaxing)
 .literal.memspi_host_read_id_hs
                0x0000000040080900        0xc zephyr/libzephyr.a(memspi_host_driver.c.obj)
                                         0x18 (size before relaxing)
 .literal.memspi_host_flush_cache
                0x000000004008090c        0x0 zephyr/libzephyr.a(memspi_host_driver.c.obj)
                                          0x8 (size before relaxing)
 .literal.memspi_host_init_pointers
                0x000000004008090c        0xc zephyr/libzephyr.a(memspi_host_driver.c.obj)
                                         0x14 (size before relaxing)
 .literal.esp_gpio_reserve_pins
                0x0000000040080918        0x4 zephyr/libzephyr.a(esp_gpio_reserve.c.obj)
 .literal.periph_ll_get_rst_en_mask
                0x000000004008091c        0x4 zephyr/libzephyr.a(periph_ctrl.c.obj)
 .literal.periph_ll_get_rst_en_reg
                0x0000000040080920        0xc zephyr/libzephyr.a(periph_ctrl.c.obj)
 .literal.periph_module_enable
                0x000000004008092c       0x18 zephyr/libzephyr.a(periph_ctrl.c.obj)
                                         0x24 (size before relaxing)
 .literal.periph_module_disable
                0x0000000040080944        0x0 zephyr/libzephyr.a(periph_ctrl.c.obj)
                                         0x24 (size before relaxing)
 .literal.esp_rom_spiflash_read_status
                0x0000000040080944       0x10 zephyr/libzephyr.a(esp_rom_spiflash.c.obj)
                                         0x14 (size before relaxing)
 .literal.esp_rom_spiflash_wait_idle
                0x0000000040080954        0x8 zephyr/libzephyr.a(esp_rom_spiflash.c.obj)
                                          0xc (size before relaxing)
 .literal.esp_rom_spiflash_read
                0x000000004008095c       0x3c zephyr/libzephyr.a(esp_rom_spiflash.c.obj)
                                         0x58 (size before relaxing)
 .literal.cache_sync
                0x0000000040080998        0x4 zephyr/libzephyr.a(cache_esp32.c.obj)
 .literal.bootloader_random_disable
                0x000000004008099c       0x30 zephyr/libzephyr.a(bootloader_random_esp32.c.obj)
                                         0x48 (size before relaxing)
 .literal.bootloader_random_enable
                0x00000000400809cc       0x24 zephyr/libzephyr.a(bootloader_random_esp32.c.obj)
                                         0x58 (size before relaxing)
 .iram1.6       0x00000000400809f0       0x4e zephyr/libzephyr.a(soc.c.obj)
                                         0x72 (size before relaxing)
                0x00000000400809f0                __esp_platform_start
 *fill*         0x0000000040080a3e        0x2 
 .iram1.7       0x0000000040080a40       0x1b zephyr/libzephyr.a(soc.c.obj)
                0x0000000040080a40                arch_printk_char_out
 *fill*         0x0000000040080a5b        0x1 
 .iram1.8       0x0000000040080a5c        0xa zephyr/libzephyr.a(flash_ops.c.obj)
                0x0000000040080a5c                spi_flash_guard_set
 *fill*         0x0000000040080a66        0x2 
 .iram1.10      0x0000000040080a68       0x33 zephyr/libzephyr.a(flash_ops.c.obj)
                                         0x37 (size before relaxing)
                0x0000000040080a68                esp_mspi_pin_init
 *fill*         0x0000000040080a9b        0x1 
 .iram1.5       0x0000000040080a9c       0x1e zephyr/libzephyr.a(esp_flash_api.c.obj)
 *fill*         0x0000000040080aba        0x2 
 .iram1.6       0x0000000040080abc       0x44 zephyr/libzephyr.a(esp_flash_api.c.obj)
 .iram1.10      0x0000000040080b00       0x54 zephyr/libzephyr.a(esp_flash_api.c.obj)
 .iram1.12      0x0000000040080b54       0x6c zephyr/libzephyr.a(esp_flash_api.c.obj)
                                         0x70 (size before relaxing)
 .iram1.13      0x0000000040080bc0       0x58 zephyr/libzephyr.a(esp_flash_api.c.obj)
                0x0000000040080bc0                esp_flash_get_physical_size
 .iram1.9       0x0000000040080c18      0x130 zephyr/libzephyr.a(esp_flash_api.c.obj)
                                        0x13c (size before relaxing)
                0x0000000040080c18                esp_flash_init_main
 .iram1.21      0x0000000040080d48      0x110 zephyr/libzephyr.a(esp_flash_api.c.obj)
                0x0000000040080d48                esp_flash_read
 .iram1.3       0x0000000040080e58        0xe zephyr/libzephyr.a(cache_esp32.c.obj)
 *fill*         0x0000000040080e66        0x2 
 .iram1.1       0x0000000040080e68       0x56 zephyr/libzephyr.a(flash_mmap.c.obj)
                0x0000000040080e68                spi_flash_check_and_flush_cache
 *fill*         0x0000000040080ebe        0x2 
 .iram1.8       0x0000000040080ec0       0x10 zephyr/libzephyr.a(spi_flash_os_func_noos.c.obj)
 .iram1.7       0x0000000040080ed0       0x18 zephyr/libzephyr.a(spi_flash_os_func_noos.c.obj)
 .iram1.6       0x0000000040080ee8       0x18 zephyr/libzephyr.a(spi_flash_os_func_noos.c.obj)
 .iram1.1       0x0000000040080f00        0xa zephyr/libzephyr.a(esp_rom_sys.c.obj)
                0x0000000040080f00                esp_rom_set_cpu_ticks_per_us
 *fill*         0x0000000040080f0a        0x2 
 .iram1.7       0x0000000040080f0c      0x1c2 zephyr/libzephyr.a(bootloader_flash.c.obj)
                                        0x1c6 (size before relaxing)
                0x0000000040080f0c                bootloader_flash_execute_command_common
 *fill*         0x00000000400810ce        0x2 
 .iram1.8       0x00000000400810d0       0x20 zephyr/libzephyr.a(bootloader_flash.c.obj)
                0x00000000400810d0                bootloader_execute_flash_command
 .iram1.6       0x00000000400810f0      0x122 zephyr/libzephyr.a(bootloader_flash.c.obj)
                                        0x146 (size before relaxing)
                0x00000000400810f0                bootloader_flash_unlock
 *fill*         0x0000000040081212        0x2 
 .iram1.9       0x0000000040081214       0x26 zephyr/libzephyr.a(bootloader_flash.c.obj)
                                         0x2a (size before relaxing)
                0x0000000040081214                bootloader_flash_read_sfdp
 *fill*         0x000000004008123a        0x2 
 .iram1.10      0x000000004008123c       0x30 zephyr/libzephyr.a(bootloader_flash.c.obj)
                                         0x34 (size before relaxing)
                0x000000004008123c                bootloader_read_flash_id
 .iram1.13      0x000000004008126c       0x92 zephyr/libzephyr.a(bootloader_flash.c.obj)
                                         0xa6 (size before relaxing)
                0x000000004008126c                bootloader_flash_xmc_startup
 *fill*         0x00000000400812fe        0x2 
 .iram1.6       0x0000000040081300       0x6e zephyr/libzephyr.a(bootloader_flash_config_esp32.c.obj)
                0x0000000040081300                bootloader_flash_cs_timing_config
 *fill*         0x000000004008136e        0x2 
 .iram1.8       0x0000000040081370      0x1d0 zephyr/libzephyr.a(bootloader_flash_config_esp32.c.obj)
                0x0000000040081370                bootloader_flash_gpio_config
 .iram1.9       0x0000000040081540       0x95 zephyr/libzephyr.a(bootloader_flash_config_esp32.c.obj)
                0x0000000040081540                bootloader_flash_dummy_config
 *fill*         0x00000000400815d5        0x3 
 .iram1.0       0x00000000400815d8       0x1e zephyr/libzephyr.a(bootloader_efuse.c.obj)
                0x00000000400815d8                bootloader_common_get_chip_ver_pkg
 *fill*         0x00000000400815f6        0x2 
 .iram1.2       0x00000000400815f8       0x16 zephyr/libzephyr.a(esp_clk.c.obj)
                0x00000000400815f8                esp_clk_apb_freq
 *fill*         0x000000004008160e        0x2 
 .iram1.6       0x0000000040081610       0x32 zephyr/libzephyr.a(rtc_module.c.obj)
                0x0000000040081610                rtc_isr_noniram_disable
 *fill*         0x0000000040081642        0x2 
 .iram1.7       0x0000000040081644       0x1e zephyr/libzephyr.a(rtc_module.c.obj)
                0x0000000040081644                rtc_isr_noniram_enable
 *fill*         0x0000000040081662        0x2 
 .iram1.1       0x0000000040081664       0x58 zephyr/libzephyr.a(esp_mmu_map.c.obj)
                0x0000000040081664                esp_mmu_paddr_find_caps
 .iram1.2       0x00000000400816bc       0x52 zephyr/libzephyr.a(esp_rom_uart.c.obj)
                0x00000000400816bc                esp_rom_uart_tx_wait_idle
 *fill*         0x000000004008170e        0x2 
 .iram1.3       0x0000000040081710       0x50 zephyr/libzephyr.a(esp_rom_uart.c.obj)
                0x0000000040081710                esp_rom_uart_set_clock_baudrate
 .iram1.0       0x0000000040081760       0x18 zephyr/libzephyr.a(efuse_hal.c.obj)
                                         0x1c (size before relaxing)
                0x0000000040081760                efuse_hal_chip_revision
 .iram1.0       0x0000000040081778       0x3e zephyr/libzephyr.a(efuse_hal.c.obj)
                0x0000000040081778                efuse_hal_get_major_chip_version
 *fill*         0x00000000400817b6        0x2 
 .iram1.1       0x00000000400817b8       0x10 zephyr/libzephyr.a(efuse_hal.c.obj)
                0x00000000400817b8                efuse_hal_get_minor_chip_version
 .iram1.4       0x00000000400817c8       0x5a zephyr/libzephyr.a(cache_utils.c.obj)
                                         0x62 (size before relaxing)
                0x00000000400817c8                spi_flash_disable_interrupts_caches_and_other_cpu
 *fill*         0x0000000040081822        0x2 
 .iram1.5       0x0000000040081824       0x56 zephyr/libzephyr.a(cache_utils.c.obj)
                                         0x5e (size before relaxing)
                0x0000000040081824                spi_flash_enable_interrupts_caches_and_other_cpu
 *fill*         0x000000004008187a        0x2 
 .iram1         0x000000004008187c       0x1a zephyr/arch/arch/xtensa/core/libarch__xtensa__core.a(debug_helpers_asm.S.obj)
                0x000000004008187c                xtensa_backtrace_get_start
 *fill*         0x0000000040081896        0x2 
 .iram1.1       0x0000000040081898       0x33 zephyr/drivers/interrupt_controller/libdrivers__interrupt_controller.a(intc_esp32.c.obj)
                                         0x3a (size before relaxing)
 *fill*         0x00000000400818cb        0x1 
 .iram1.0       0x00000000400818cc       0x16 zephyr/drivers/interrupt_controller/libdrivers__interrupt_controller.a(intc_esp32.c.obj)
                0x00000000400818cc                default_intr_handler
 *fill*         0x00000000400818e2        0x2 
 .iram1.4       0x00000000400818e4       0xae zephyr/drivers/interrupt_controller/libdrivers__interrupt_controller.a(intc_esp32.c.obj)
                                         0xb2 (size before relaxing)
                0x00000000400818e4                esp_intr_disable
 *fill*         0x0000000040081992        0x2 
 .iram1.5       0x0000000040081994       0x4e zephyr/drivers/interrupt_controller/libdrivers__interrupt_controller.a(intc_esp32.c.obj)
                                         0x5a (size before relaxing)
                0x0000000040081994                esp_intr_noniram_disable
 *fill*         0x00000000400819e2        0x2 
 .iram1.6       0x00000000400819e4       0x3c zephyr/drivers/interrupt_controller/libdrivers__interrupt_controller.a(intc_esp32.c.obj)
                                         0x48 (size before relaxing)
                0x00000000400819e4                esp_intr_noniram_enable
 .iram1.1       0x0000000040081a20       0x11 zephyr/drivers/gpio/libdrivers__gpio.a(gpio_esp32.c.obj)
                                         0x17 (size before relaxing)
 *fill*         0x0000000040081a31        0x0 
 *fill*         0x0000000040081a31        0x0 
 *fill*         0x0000000040081a31        0x3 
 .iram1.11      0x0000000040081a34        0x7 zephyr/libzephyr.a(flash_ops.c.obj)
                0x0000000040081a34                spi_flash_init_chip_state
 *fill*         0x0000000040081a3b        0x0 
 *fill*         0x0000000040081a3b        0x1 
 .iram1.3       0x0000000040081a3c       0x2b zephyr/libzephyr.a(esp_flash_api.c.obj)
 *fill*         0x0000000040081a67        0x1 
 .iram1.4       0x0000000040081a68       0x21 zephyr/libzephyr.a(esp_flash_api.c.obj)
 *fill*         0x0000000040081a89        0x0 
 *fill*         0x0000000040081a89        0x0 
 *fill*         0x0000000040081a89        0x0 
 *fill*         0x0000000040081a89        0x0 
 *fill*         0x0000000040081a89        0x3 
 .iram1.12      0x0000000040081a8c       0x46 zephyr/libzephyr.a(bootloader_flash.c.obj)
 *fill*         0x0000000040081ad2        0x0 
 *fill*         0x0000000040081ad2        0x0 
 *fill*         0x0000000040081ad2        0x0 
 *fill*         0x0000000040081ad2        0x0 
 *fill*         0x0000000040081ad2        0x0 
 *fill*         0x0000000040081ad2        0x0 
 *fill*         0x0000000040081ad2        0x0 
 *fill*         0x0000000040081ad2        0x0 
 *fill*         0x0000000040081ad2        0x0 
 *fill*         0x0000000040081ad2        0x0 
 *fill*         0x0000000040081ad2        0x0 
 *fill*         0x0000000040081ad2        0x0 
 *fill*         0x0000000040081ad2        0x0 
 *fill*         0x0000000040081ad2        0x0 
 *fill*         0x0000000040081ad2        0x0 
 *fill*         0x0000000040081ad2        0x0 
 *fill*         0x0000000040081ad2        0x0 
 *fill*         0x0000000040081ad2        0x0 
 *fill*         0x0000000040081ad2        0x0 
 *fill*         0x0000000040081ad2        0x2 
 .iram1.0       0x0000000040081ad4       0xaf zephyr/drivers/gpio/libdrivers__gpio.a(gpio_esp32.c.obj)
 *fill*         0x0000000040081b83        0x0 
 *(SORT_BY_ALIGNMENT(.iram0.literal) SORT_BY_ALIGNMENT(.iram.literal) SORT_BY_ALIGNMENT(.iram.text.literal) SORT_BY_ALIGNMENT(.iram0.text) SORT_BY_ALIGNMENT(.iram.text))
 *fill*         0x0000000040081b83        0x1 
 .iram0.text    0x0000000040081b84       0x2d zephyr/arch/arch/xtensa/core/libarch__xtensa__core.a(xtensa_asm2_util.S.obj)
                0x0000000040081b84                _Level1Vector
 *fill*         0x0000000040081bb1        0x0 
 *libarch__xtensa__core.a:(SORT_BY_ALIGNMENT(.literal) SORT_BY_ALIGNMENT(.text) SORT_BY_ALIGNMENT(.literal.*) SORT_BY_ALIGNMENT(.text.*))
 *fill*         0x0000000040081bb1        0x3 
 .text.arch_cpu_idle
                0x0000000040081bb4        0xb zephyr/arch/arch/xtensa/core/libarch__xtensa__core.a(cpu_idle.c.obj)
                                          0xe (size before relaxing)
                0x0000000040081bb4                arch_cpu_idle
 *fill*         0x0000000040081bbf        0x1 
 .text.xtensa_fatal_error
                0x0000000040081bc0       0x26 zephyr/arch/arch/xtensa/core/libarch__xtensa__core.a(fatal.c.obj)
                                         0x2e (size before relaxing)
                0x0000000040081bc0                xtensa_fatal_error
 *fill*         0x0000000040081be6        0x2 
 .text          0x0000000040081be8      0x21c zephyr/arch/arch/xtensa/core/libarch__xtensa__core.a(xtensa_asm2_util.S.obj)
                0x0000000040081be8                xtensa_spill_reg_windows
                0x0000000040081c08                xtensa_save_high_regs
                0x0000000040081c50                xtensa_restore_high_regs
                0x0000000040081c85                _restore_context
                0x0000000040081cbc                xtensa_arch_except
                0x0000000040081cbf                xtensa_arch_except_epc
                0x0000000040081cc4                xtensa_arch_kernel_oops
                0x0000000040081cc7                xtensa_arch_kernel_oops_epc
                0x0000000040081ccc                xtensa_switch
 .text.z_irq_spurious
                0x0000000040081e04       0x12 zephyr/arch/arch/xtensa/core/libarch__xtensa__core.a(irq_manage.c.obj)
                                         0x16 (size before relaxing)
                0x0000000040081e04                z_irq_spurious
 *fill*         0x0000000040081e16        0x2 
 .text.arch_new_thread
                0x0000000040081e18       0x38 zephyr/arch/arch/xtensa/core/libarch__xtensa__core.a(thread.c.obj)
                0x0000000040081e18                arch_new_thread
 .text.return_to
                0x0000000040081e50       0x14 zephyr/arch/arch/xtensa/core/libarch__xtensa__core.a(vector_handlers.c.obj)
                                         0x18 (size before relaxing)
 .text.xtensa_is_outside_stack_bounds
                0x0000000040081e64       0x3d zephyr/arch/arch/xtensa/core/libarch__xtensa__core.a(vector_handlers.c.obj)
                0x0000000040081e64                xtensa_is_outside_stack_bounds
 *fill*         0x0000000040081ea1        0x3 
 .text.xtensa_is_frame_pointer_valid
                0x0000000040081ea4       0x28 zephyr/arch/arch/xtensa/core/libarch__xtensa__core.a(vector_handlers.c.obj)
                                         0x2c (size before relaxing)
                0x0000000040081ea4                xtensa_is_frame_pointer_valid
 .text.xtensa_dump_stack
                0x0000000040081ecc        0xa zephyr/arch/arch/xtensa/core/libarch__xtensa__core.a(vector_handlers.c.obj)
                                          0xe (size before relaxing)
                0x0000000040081ecc                xtensa_dump_stack
 *fill*         0x0000000040081ed6        0x2 
 .text.xtensa_int2_c
                0x0000000040081ed8       0x5a zephyr/arch/arch/xtensa/core/libarch__xtensa__core.a(vector_handlers.c.obj)
                0x0000000040081ed8                xtensa_int2_c
 *fill*         0x0000000040081f32        0x2 
 .text.xtensa_int3_c
                0x0000000040081f34       0x82 zephyr/arch/arch/xtensa/core/libarch__xtensa__core.a(vector_handlers.c.obj)
                0x0000000040081f34                xtensa_int3_c
 *fill*         0x0000000040081fb6        0x2 
 .text.xtensa_int4_c
                0x0000000040081fb8       0x6a zephyr/arch/arch/xtensa/core/libarch__xtensa__core.a(vector_handlers.c.obj)
                0x0000000040081fb8                xtensa_int4_c
 *fill*         0x0000000040082022        0x2 
 .text.xtensa_int5_c
                0x0000000040082024       0x5e zephyr/arch/arch/xtensa/core/libarch__xtensa__core.a(vector_handlers.c.obj)
                0x0000000040082024                xtensa_int5_c
 *fill*         0x0000000040082082        0x2 
 .text.xtensa_int6_c
                0x0000000040082084       0x15 zephyr/arch/arch/xtensa/core/libarch__xtensa__core.a(vector_handlers.c.obj)
                0x0000000040082084                xtensa_int6_c
 *fill*         0x0000000040082099        0x3 
 .text.xtensa_int7_c
                0x000000004008209c       0x36 zephyr/arch/arch/xtensa/core/libarch__xtensa__core.a(vector_handlers.c.obj)
                0x000000004008209c                xtensa_int7_c
 *fill*         0x00000000400820d2        0x2 
 .text.xtensa_excint1_c
                0x00000000400820d4      0x1be zephyr/arch/arch/xtensa/core/libarch__xtensa__core.a(vector_handlers.c.obj)
                                        0x1c6 (size before relaxing)
                0x00000000400820d4                xtensa_excint1_c
 *fill*         0x0000000040082292        0x2 
 .text.z_prep_c
                0x0000000040082294       0x10 zephyr/arch/arch/xtensa/core/libarch__xtensa__core.a(prep_c.c.obj)
                                         0x14 (size before relaxing)
                0x0000000040082294                z_prep_c
 .text.xtensa_cpu_process_stack_pc
                0x00000000400822a4       0x2b zephyr/arch/arch/xtensa/core/libarch__xtensa__core.a(xtensa_backtrace.c.obj)
 *fill*         0x00000000400822cf        0x1 
 .text.xtensa_ptr_executable
                0x00000000400822d0       0x41 zephyr/arch/arch/xtensa/core/libarch__xtensa__core.a(xtensa_backtrace.c.obj)
 *fill*         0x0000000040082311        0x3 
 .text.xtensa_stack_ptr_is_sane
                0x0000000040082314       0x2c zephyr/arch/arch/xtensa/core/libarch__xtensa__core.a(xtensa_backtrace.c.obj)
 .text.xtensa_backtrace_get_next_frame
                0x0000000040082340       0x3e zephyr/arch/arch/xtensa/core/libarch__xtensa__core.a(xtensa_backtrace.c.obj)
                                         0x4a (size before relaxing)
                0x0000000040082340                xtensa_backtrace_get_next_frame
 *fill*         0x000000004008237e        0x2 
 .text.xtensa_backtrace_print
                0x0000000040082380       0xdf zephyr/arch/arch/xtensa/core/libarch__xtensa__core.a(xtensa_backtrace.c.obj)
                                        0x103 (size before relaxing)
                0x0000000040082380                xtensa_backtrace_print
 *fill*         0x000000004008245f        0x0 
 *fill*         0x000000004008245f        0x0 
 *fill*         0x000000004008245f        0x0 
 *fill*         0x000000004008245f        0x0 
 *fill*         0x000000004008245f        0x0 
 *fill*         0x000000004008245f        0x0 
 *fill*         0x000000004008245f        0x0 
 *fill*         0x000000004008245f        0x0 
 *fill*         0x000000004008245f        0x0 
 *fill*         0x000000004008245f        0x0 
 *fill*         0x000000004008245f        0x0 
 *fill*         0x000000004008245f        0x0 
 *fill*         0x000000004008245f        0x0 
 *fill*         0x000000004008245f        0x0 
 *fill*         0x000000004008245f        0x0 
 *fill*         0x000000004008245f        0x0 
 *libkernel.a:(SORT_BY_ALIGNMENT(.literal) SORT_BY_ALIGNMENT(.text) SORT_BY_ALIGNMENT(.literal.*) SORT_BY_ALIGNMENT(.text.*))
 *fill*         0x000000004008245f        0x1 
 .text.k_sys_fatal_error_handler
                0x0000000040082460        0x8 zephyr/kernel/libkernel.a(fatal.c.obj)
                                          0xc (size before relaxing)
                0x0000000040082460                k_sys_fatal_error_handler
 .text.z_fatal_error
                0x0000000040082468       0x22 zephyr/kernel/libkernel.a(fatal.c.obj)
                                         0x26 (size before relaxing)
                0x0000000040082468                z_fatal_error
 *fill*         0x000000004008248a        0x2 
 .text.z_sys_init_run_level
                0x000000004008248c       0x30 zephyr/kernel/libkernel.a(init.c.obj)
 .text.bg_thread_main
                0x00000000400824bc       0x9e zephyr/kernel/libkernel.a(init.c.obj)
                                         0xb6 (size before relaxing)
 *fill*         0x000000004008255a        0x2 
 .text.z_early_memset
                0x000000004008255c       0x12 zephyr/kernel/libkernel.a(init.c.obj)
                0x000000004008255c                z_early_memset
 *fill*         0x000000004008256e        0x2 
 .text.z_bss_zero
                0x0000000040082570       0x13 zephyr/kernel/libkernel.a(init.c.obj)
                                         0x16 (size before relaxing)
                0x0000000040082570                z_bss_zero
 *fill*         0x0000000040082583        0x1 
 .text.z_init_cpu
                0x0000000040082584       0x5b zephyr/kernel/libkernel.a(init.c.obj)
                0x0000000040082584                z_init_cpu
 *fill*         0x00000000400825df        0x1 
 .text.z_cstart
                0x00000000400825e0       0x97 zephyr/kernel/libkernel.a(init.c.obj)
                                         0xbb (size before relaxing)
                0x00000000400825e0                z_cstart
 *fill*         0x0000000040082677        0x1 
 .text.k_heap_init
                0x0000000040082678       0x17 zephyr/kernel/libkernel.a(kheap.c.obj)
                0x0000000040082678                k_heap_init
 *fill*         0x000000004008268f        0x1 
 .text.statics_init
                0x0000000040082690       0x22 zephyr/kernel/libkernel.a(kheap.c.obj)
 *fill*         0x00000000400826b2        0x2 
 .text.k_heap_aligned_alloc
                0x00000000400826b4       0x5a zephyr/kernel/libkernel.a(kheap.c.obj)
                                         0x62 (size before relaxing)
                0x00000000400826b4                k_heap_aligned_alloc
 *fill*         0x000000004008270e        0x2 
 .text.k_heap_free
                0x0000000040082710       0x28 zephyr/kernel/libkernel.a(kheap.c.obj)
                                         0x30 (size before relaxing)
                0x0000000040082710                k_heap_free
 .text.idle     0x0000000040082738        0xc zephyr/kernel/libkernel.a(idle.c.obj)
                                          0xf (size before relaxing)
                0x0000000040082738                idle
 *fill*         0x0000000040082744        0x0 
 .text.z_impl_k_thread_start
                0x0000000040082744        0xa zephyr/kernel/libkernel.a(thread.c.obj)
                                          0xe (size before relaxing)
                0x0000000040082744                z_impl_k_thread_start
 *fill*         0x000000004008274e        0x2 
 .text.z_setup_new_thread
                0x0000000040082750       0x5d zephyr/kernel/libkernel.a(thread.c.obj)
                0x0000000040082750                z_setup_new_thread
 *fill*         0x00000000400827ad        0x3 
 .text.unpend_thread_no_timeout
                0x00000000400827b0       0x19 zephyr/kernel/libkernel.a(sched.c.obj)
                                         0x1d (size before relaxing)
 *fill*         0x00000000400827c9        0x3 
 .text.update_cache
                0x00000000400827cc       0x4a zephyr/kernel/libkernel.a(sched.c.obj)
 *fill*         0x0000000040082816        0x2 
 .text.unready_thread
                0x0000000040082818       0x2e zephyr/kernel/libkernel.a(sched.c.obj)
                                         0x32 (size before relaxing)
 *fill*         0x0000000040082846        0x2 
 .text.z_swap   0x0000000040082848       0x3a zephyr/kernel/libkernel.a(sched.c.obj)
                                         0x3e (size before relaxing)
 *fill*         0x0000000040082882        0x2 
 .text.ready_thread
                0x0000000040082884       0x6e zephyr/kernel/libkernel.a(sched.c.obj)
 *fill*         0x00000000400828f2        0x2 
 .text.z_thread_halt
                0x00000000400828f4       0xe0 zephyr/kernel/libkernel.a(sched.c.obj)
                                         0xf8 (size before relaxing)
 .text.add_to_waitq_locked
                0x00000000400829d4       0x58 zephyr/kernel/libkernel.a(sched.c.obj)
                                         0x5c (size before relaxing)
 .text.move_thread_to_end_of_prio_q
                0x0000000040082a2c       0x78 zephyr/kernel/libkernel.a(sched.c.obj)
                                         0x7c (size before relaxing)
                0x0000000040082a2c                move_thread_to_end_of_prio_q
 .text.z_ready_thread
                0x0000000040082aa4       0x13 zephyr/kernel/libkernel.a(sched.c.obj)
                                         0x16 (size before relaxing)
                0x0000000040082aa4                z_ready_thread
 *fill*         0x0000000040082ab7        0x1 
 .text.z_impl_k_thread_suspend
                0x0000000040082ab8       0x29 zephyr/kernel/libkernel.a(sched.c.obj)
                                         0x2c (size before relaxing)
                0x0000000040082ab8                z_impl_k_thread_suspend
 *fill*         0x0000000040082ae1        0x3 
 .text.z_unpend_thread_no_timeout
                0x0000000040082ae4       0x18 zephyr/kernel/libkernel.a(sched.c.obj)
                                         0x1c (size before relaxing)
                0x0000000040082ae4                z_unpend_thread_no_timeout
 .text.z_sched_wake_thread
                0x0000000040082afc       0x39 zephyr/kernel/libkernel.a(sched.c.obj)
                                         0x40 (size before relaxing)
                0x0000000040082afc                z_sched_wake_thread
 *fill*         0x0000000040082b35        0x3 
 .text.z_thread_timeout
                0x0000000040082b38        0xd zephyr/kernel/libkernel.a(sched.c.obj)
                                         0x10 (size before relaxing)
                0x0000000040082b38                z_thread_timeout
 *fill*         0x0000000040082b45        0x3 
 .text.z_pend_curr
                0x0000000040082b48       0x34 zephyr/kernel/libkernel.a(sched.c.obj)
                                         0x3c (size before relaxing)
                0x0000000040082b48                z_pend_curr
 .text.z_unpend_thread
                0x0000000040082b7c       0x10 zephyr/kernel/libkernel.a(sched.c.obj)
                                         0x17 (size before relaxing)
                0x0000000040082b7c                z_unpend_thread
 *fill*         0x0000000040082b8c        0x0 
 .text.z_reschedule
                0x0000000040082b8c       0x2b zephyr/kernel/libkernel.a(sched.c.obj)
                                         0x2f (size before relaxing)
                0x0000000040082b8c                z_reschedule
 *fill*         0x0000000040082bb7        0x1 
 .text.z_sched_start
                0x0000000040082bb8       0x32 zephyr/kernel/libkernel.a(sched.c.obj)
                                         0x36 (size before relaxing)
                0x0000000040082bb8                z_sched_start
 *fill*         0x0000000040082bea        0x2 
 .text.z_reschedule_irqlock
                0x0000000040082bec       0x40 zephyr/kernel/libkernel.a(sched.c.obj)
                                         0x44 (size before relaxing)
                0x0000000040082bec                z_reschedule_irqlock
 .text.k_sched_lock
                0x0000000040082c2c       0x1b zephyr/kernel/libkernel.a(sched.c.obj)
                0x0000000040082c2c                k_sched_lock
 *fill*         0x0000000040082c47        0x1 
 .text.k_sched_unlock
                0x0000000040082c48       0x26 zephyr/kernel/libkernel.a(sched.c.obj)
                                         0x2e (size before relaxing)
                0x0000000040082c48                k_sched_unlock
 *fill*         0x0000000040082c6e        0x2 
 .text.z_swap_next_thread
                0x0000000040082c70        0xa zephyr/kernel/libkernel.a(sched.c.obj)
                0x0000000040082c70                z_swap_next_thread
 *fill*         0x0000000040082c7a        0x2 
 .text.z_get_next_switch_handle
                0x0000000040082c7c       0x14 zephyr/kernel/libkernel.a(sched.c.obj)
                0x0000000040082c7c                z_get_next_switch_handle
 .text.z_unpend_all
                0x0000000040082c90       0x26 zephyr/kernel/libkernel.a(sched.c.obj)
                                         0x2a (size before relaxing)
                0x0000000040082c90                z_unpend_all
 *fill*         0x0000000040082cb6        0x2 
 .text.z_sched_init
                0x0000000040082cb8        0xf zephyr/kernel/libkernel.a(sched.c.obj)
                0x0000000040082cb8                z_sched_init
 *fill*         0x0000000040082cc7        0x1 
 .text.z_impl_k_yield
                0x0000000040082cc8       0x7a zephyr/kernel/libkernel.a(sched.c.obj)
                                         0x7e (size before relaxing)
                0x0000000040082cc8                z_impl_k_yield
 *fill*         0x0000000040082d42        0x2 
 .text.z_tick_sleep
                0x0000000040082d44       0x6a zephyr/kernel/libkernel.a(sched.c.obj)
                                         0x76 (size before relaxing)
 *fill*         0x0000000040082dae        0x2 
 .text.z_impl_k_sleep
                0x0000000040082db0       0x42 zephyr/kernel/libkernel.a(sched.c.obj)
                0x0000000040082db0                z_impl_k_sleep
 *fill*         0x0000000040082df2        0x2 
 .text.z_impl_k_sched_current_thread_query
                0x0000000040082df4        0xa zephyr/kernel/libkernel.a(sched.c.obj)
                0x0000000040082df4                z_impl_k_sched_current_thread_query
 *fill*         0x0000000040082dfe        0x2 
 .text.z_thread_abort
                0x0000000040082e00       0x2f zephyr/kernel/libkernel.a(sched.c.obj)
                                         0x36 (size before relaxing)
                0x0000000040082e00                z_thread_abort
 *fill*         0x0000000040082e2f        0x1 
 .text.z_impl_k_thread_abort
                0x0000000040082e30        0xa zephyr/kernel/libkernel.a(sched.c.obj)
                                          0xe (size before relaxing)
                0x0000000040082e30                z_impl_k_thread_abort
 *fill*         0x0000000040082e3a        0x2 
 .text.slice_timeout
                0x0000000040082e3c       0x1e zephyr/kernel/libkernel.a(timeslicing.c.obj)
 *fill*         0x0000000040082e5a        0x2 
 .text.thread_is_sliceable
                0x0000000040082e5c       0x45 zephyr/kernel/libkernel.a(timeslicing.c.obj)
                0x0000000040082e5c                thread_is_sliceable
 *fill*         0x0000000040082ea1        0x3 
 .text.z_reset_time_slice
                0x0000000040082ea4       0x3f zephyr/kernel/libkernel.a(timeslicing.c.obj)
                                         0x47 (size before relaxing)
                0x0000000040082ea4                z_reset_time_slice
 *fill*         0x0000000040082ee3        0x1 
 .text.z_time_slice
                0x0000000040082ee4       0x3b zephyr/kernel/libkernel.a(timeslicing.c.obj)
                                         0x42 (size before relaxing)
                0x0000000040082ee4                z_time_slice
 *fill*         0x0000000040082f1f        0x1 
 .text.elapsed  0x0000000040082f20       0x14 zephyr/kernel/libkernel.a(timeout.c.obj)
                                         0x18 (size before relaxing)
 .text.remove_timeout
                0x0000000040082f34       0x3a zephyr/kernel/libkernel.a(timeout.c.obj)
 *fill*         0x0000000040082f6e        0x2 
 .text.next_timeout
                0x0000000040082f70       0x4b zephyr/kernel/libkernel.a(timeout.c.obj)
 *fill*         0x0000000040082fbb        0x1 
 .text.z_add_timeout
                0x0000000040082fbc      0x10c zephyr/kernel/libkernel.a(timeout.c.obj)
                                        0x114 (size before relaxing)
                0x0000000040082fbc                z_add_timeout
 .text.z_abort_timeout
                0x00000000400830c8       0x1e zephyr/kernel/libkernel.a(timeout.c.obj)
                                         0x22 (size before relaxing)
                0x00000000400830c8                z_abort_timeout
 *fill*         0x00000000400830e6        0x2 
 .text.sys_clock_announce
                0x00000000400830e8       0xd5 zephyr/kernel/libkernel.a(timeout.c.obj)
                                         0xdd (size before relaxing)
                0x00000000400830e8                sys_clock_announce
 *fill*         0x00000000400831bd        0x3 
 .text.sys_clock_tick_get
                0x00000000400831c0       0x28 zephyr/kernel/libkernel.a(timeout.c.obj)
                                         0x2c (size before relaxing)
                0x00000000400831c0                sys_clock_tick_get
 .text.sys_clock_tick_get_32
                0x00000000400831e8        0xa zephyr/kernel/libkernel.a(timeout.c.obj)
                                          0xd (size before relaxing)
                0x00000000400831e8                sys_clock_tick_get_32
 *fill*         0x00000000400831f2        0x2 
 .text.sys_timepoint_calc
                0x00000000400831f4       0x4a zephyr/kernel/libkernel.a(timeout.c.obj)
                                         0x4e (size before relaxing)
                0x00000000400831f4                sys_timepoint_calc
 *fill*         0x000000004008323e        0x2 
 .text.sys_timepoint_timeout
                0x0000000040083240       0x4a zephyr/kernel/libkernel.a(timeout.c.obj)
                0x0000000040083240                sys_timepoint_timeout
 *fill*         0x000000004008328a        0x2 
 .text.z_heap_aligned_alloc
                0x000000004008328c       0x25 zephyr/kernel/libkernel.a(mempool.c.obj)
                                         0x29 (size before relaxing)
 *fill*         0x00000000400832b1        0x3 
 .text.k_free   0x00000000400832b4       0x14 zephyr/kernel/libkernel.a(mempool.c.obj)
                0x00000000400832b4                k_free
 .text.k_aligned_alloc
                0x00000000400832c8       0x14 zephyr/kernel/libkernel.a(mempool.c.obj)
                0x00000000400832c8                k_aligned_alloc
 .text.k_malloc
                0x00000000400832dc       0x11 zephyr/kernel/libkernel.a(mempool.c.obj)
                0x00000000400832dc                k_malloc
 *fill*         0x00000000400832ed        0x3 
 .text.k_thread_system_pool_assign
                0x00000000400832f0        0xb zephyr/kernel/libkernel.a(mempool.c.obj)
                0x00000000400832f0                k_thread_system_pool_assign
 *fill*         0x00000000400832fb        0x1 
 .text.boot_banner
                0x00000000400832fc        0xb zephyr/kernel/libkernel.a(banner.c.obj)
                                          0xe (size before relaxing)
                0x00000000400832fc                boot_banner
 *fill*         0x0000000040083307        0x1 
 .text.z_device_state_init
                0x0000000040083308        0x5 zephyr/kernel/libkernel.a(device.c.obj)
                0x0000000040083308                z_device_state_init
 *fill*         0x000000004008330d        0x3 
 .text.z_impl_device_is_ready
                0x0000000040083310       0x1a zephyr/kernel/libkernel.a(device.c.obj)
                0x0000000040083310                z_impl_device_is_ready
 *fill*         0x000000004008332a        0x2 
 .text.arch_system_halt
                0x000000004008332c        0x9 zephyr/kernel/libkernel.a(fatal.c.obj)
                0x000000004008332c                arch_system_halt
 *fill*         0x0000000040083335        0x0 
 *fill*         0x0000000040083335        0x3 
 .text.do_device_init
                0x0000000040083338       0x33 zephyr/kernel/libkernel.a(init.c.obj)
 *fill*         0x000000004008336b        0x0 
 *fill*         0x000000004008336b        0x0 
 *fill*         0x000000004008336b        0x0 
 *fill*         0x000000004008336b        0x0 
 *fill*         0x000000004008336b        0x0 
 *fill*         0x000000004008336b        0x1 
 .text.z_init_static
                0x000000004008336c        0x5 zephyr/kernel/libkernel.a(init_static.c.obj)
                0x000000004008336c                z_init_static
 *fill*         0x0000000040083371        0x0 
 *fill*         0x0000000040083371        0x0 
 *fill*         0x0000000040083371        0x0 
 *fill*         0x0000000040083371        0x0 
 *fill*         0x0000000040083371        0x3 
 .text.k_is_in_isr
                0x0000000040083374       0x11 zephyr/kernel/libkernel.a(thread.c.obj)
                0x0000000040083374                k_is_in_isr
 *fill*         0x0000000040083385        0x0 
 *fill*         0x0000000040083385        0x0 
 *fill*         0x0000000040083385        0x3 
 .text.sys_dlist_remove
                0x0000000040083388       0x13 zephyr/kernel/libkernel.a(sched.c.obj)
 *fill*         0x000000004008339b        0x0 
 *fill*         0x000000004008339b        0x0 
 *fill*         0x000000004008339b        0x0 
 *fill*         0x000000004008339b        0x0 
 *fill*         0x000000004008339b        0x0 
 *fill*         0x000000004008339b        0x0 
 *fill*         0x000000004008339b        0x0 
 *fill*         0x000000004008339b        0x0 
 *fill*         0x000000004008339b        0x0 
 *fill*         0x000000004008339b        0x0 
 *fill*         0x000000004008339b        0x0 
 *fill*         0x000000004008339b        0x0 
 *fill*         0x000000004008339b        0x0 
 *fill*         0x000000004008339b        0x0 
 *fill*         0x000000004008339b        0x0 
 *fill*         0x000000004008339b        0x0 
 *fill*         0x000000004008339b        0x0 
 *fill*         0x000000004008339b        0x0 
 *fill*         0x000000004008339b        0x0 
 *fill*         0x000000004008339b        0x0 
 *fill*         0x000000004008339b        0x0 
 *fill*         0x000000004008339b        0x0 
 *fill*         0x000000004008339b        0x0 
 *fill*         0x000000004008339b        0x0 
 *fill*         0x000000004008339b        0x0 
 *fill*         0x000000004008339b        0x0 
 *fill*         0x000000004008339b        0x0 
 *fill*         0x000000004008339b        0x0 
 *fill*         0x000000004008339b        0x0 
 *fill*         0x000000004008339b        0x0 
 *fill*         0x000000004008339b        0x0 
 *fill*         0x000000004008339b        0x0 
 *fill*         0x000000004008339b        0x0 
 *fill*         0x000000004008339b        0x0 
 *fill*         0x000000004008339b        0x0 
 *libgcc.a:lib2funcs.*(SORT_BY_ALIGNMENT(.literal) SORT_BY_ALIGNMENT(.text) SORT_BY_ALIGNMENT(.literal.*) SORT_BY_ALIGNMENT(.text.*))
 *libzephyr.a:windowspill_asm.*(SORT_BY_ALIGNMENT(.literal) SORT_BY_ALIGNMENT(.text) SORT_BY_ALIGNMENT(.literal.*) SORT_BY_ALIGNMENT(.text.*))
 *fill*         0x000000004008339b        0x1 
 .text          0x000000004008339c      0x137 zephyr/libzephyr.a(windowspill_asm.S.obj)
                0x000000004008339c                xthal_window_spill_nw
                0x000000004008339c                xthal_spill_registers_into_stack_nw
                0x00000000400834b0                xthal_window_spill
 *fill*         0x00000000400834d3        0x0 
 *libzephyr.a:cbprintf_complete.*(SORT_BY_ALIGNMENT(.literal) SORT_BY_ALIGNMENT(.text) SORT_BY_ALIGNMENT(.literal.*) SORT_BY_ALIGNMENT(.text.*))
 *libzephyr.a:printk.*(SORT_BY_ALIGNMENT(.literal.printk) SORT_BY_ALIGNMENT(.literal.vprintk) SORT_BY_ALIGNMENT(.literal.char_out) SORT_BY_ALIGNMENT(.text.printk) SORT_BY_ALIGNMENT(.text.vprintk) SORT_BY_ALIGNMENT(.text.char_out))
 *fill*         0x00000000400834d3        0x1 
 .text.char_out
                0x00000000400834d4       0x11 zephyr/libzephyr.a(printk.c.obj)
 *fill*         0x00000000400834e5        0x3 
 .text.vprintk  0x00000000400834e8       0x28 zephyr/libzephyr.a(printk.c.obj)
                                         0x2c (size before relaxing)
                0x00000000400834e8                vprintk
 .text.printk   0x0000000040083510       0x22 zephyr/libzephyr.a(printk.c.obj)
                                         0x26 (size before relaxing)
                0x0000000040083510                printk
 *fill*         0x0000000040083532        0x0 
 *fill*         0x0000000040083532        0x0 
 *libzephyr.a:log_noos.*(SORT_BY_ALIGNMENT(.literal) SORT_BY_ALIGNMENT(.text) SORT_BY_ALIGNMENT(.literal.*) SORT_BY_ALIGNMENT(.text.*))